Archive member included because of file (symbol)

C:\Users\WONG\git\libsccc\lib\libsccc-d-vcan-fx15dev.a(startup-d-vcan-fx15dev.o)
                              (__thumb_startup)
C:\Users\WONG\git\libsccc\lib\libsccc-d-vcan-fx15dev.a(system-d-vcan-fx15dev.o)
                              C:\Users\WONG\git\libsccc\lib\libsccc-d-vcan-fx15dev.a(startup-d-vcan-fx15dev.o) (SystemInit)
C:\Users\WONG\git\libsccc\lib\libsccc-d-vcan-fx15dev.a(fpu-d-vcan-fx15dev.o)
                              C:\Users\WONG\git\libsccc\lib\libsccc-d-vcan-fx15dev.a(system-d-vcan-fx15dev.o) (LibbaseK60FpuInit)
C:\Users\WONG\git\libsccc\lib\libsccc-d-vcan-fx15dev.a(mcg-d-vcan-fx15dev.o)
                              obj/main-d-vcan-fx15dev.o (libbase::k60::Mcg::Config::Config())
C:\Users\WONG\git\libsccc\lib\libsccc-d-vcan-fx15dev.a(watchdog-d-vcan-fx15dev.o)
                              C:\Users\WONG\git\libsccc\lib\libsccc-d-vcan-fx15dev.a(startup-d-vcan-fx15dev.o) (LibbaseK60WatchdogInit)
C:\Users\WONG\git\libsccc\lib\libsccc-d-vcan-fx15dev.a(button-d-vcan-fx15dev.o)
                              obj/main-d-vcan-fx15dev.o (libsc::Button::Button(libsc::Button::Config const&))
C:\Users\WONG\git\libsccc\lib\libsccc-d-vcan-fx15dev.a(led-d-vcan-fx15dev.o)
                              obj/main-d-vcan-fx15dev.o (libsc::Led::Led(libsc::Led::Config const&))
C:\Users\WONG\git\libsccc\lib\libsccc-d-vcan-fx15dev.a(system-d-vcan-fx15dev.o)
                              obj/main-d-vcan-fx15dev.o (libsc::System::Init())
C:\Users\WONG\git\libsccc\lib\libsccc-d-vcan-fx15dev.a(assert-d-vcan-fx15dev.o)
                              C:\Users\WONG\git\libsccc\lib\libsccc-d-vcan-fx15dev.a(mcg-d-vcan-fx15dev.o) (__assert_func)
C:\Users\WONG\git\libsccc\lib\libsccc-d-vcan-fx15dev.a(syscall-d-vcan-fx15dev.o)
                              C:\Users\WONG\git\libsccc\lib\libsccc-d-vcan-fx15dev.a(startup-d-vcan-fx15dev.o) (KeepSyscallSymbols)
C:\Users\WONG\git\libsccc\lib\libsccc-d-vcan-fx15dev.a(vectors-d-vcan-fx15dev.o)
                              C:\Users\WONG\git\libsccc\lib\libsccc-d-vcan-fx15dev.a(system-d-vcan-fx15dev.o) (InitVectorTable)
C:\Users\WONG\git\libsccc\lib\libsccc-d-vcan-fx15dev.a(cache-d-vcan-fx15dev.o)
                              C:\Users\WONG\git\libsccc\lib\libsccc-d-vcan-fx15dev.a(system-d-vcan-fx15dev.o) (libbase::k60::Cache::Cache())
C:\Users\WONG\git\libsccc\lib\libsccc-d-vcan-fx15dev.a(dwt-d-vcan-fx15dev.o)
                              C:\Users\WONG\git\libsccc\lib\libsccc-d-vcan-fx15dev.a(system-d-vcan-fx15dev.o) (libbase::k60::Dwt::DelayUs(unsigned short))
C:\Users\WONG\git\libsccc\lib\libsccc-d-vcan-fx15dev.a(gpio-d-vcan-fx15dev.o)
                              C:\Users\WONG\git\libsccc\lib\libsccc-d-vcan-fx15dev.a(button-d-vcan-fx15dev.o) (libbase::k60::Gpi::Gpi(libbase::k60::Gpi::Config const&))
C:\Users\WONG\git\libsccc\lib\libsccc-d-vcan-fx15dev.a(pin-d-vcan-fx15dev.o)
                              C:\Users\WONG\git\libsccc\lib\libsccc-d-vcan-fx15dev.a(gpio-d-vcan-fx15dev.o) (libbase::k60::Pin::Pin(libbase::k60::Pin::Config const&))
C:\Users\WONG\git\libsccc\lib\libsccc-d-vcan-fx15dev.a(pin_isr_manager-d-vcan-fx15dev.o)
                              C:\Users\WONG\git\libsccc\lib\libsccc-d-vcan-fx15dev.a(gpio-d-vcan-fx15dev.o) (libbase::k60::PinIsrManager::GetInstance())
C:\Users\WONG\git\libsccc\lib\libsccc-d-vcan-fx15dev.a(sim-d-vcan-fx15dev.o)
                              C:\Users\WONG\git\libsccc\lib\libsccc-d-vcan-fx15dev.a(pin-d-vcan-fx15dev.o) (libbase::k60::Sim::SetEnableClockGate(libbase::k60::Sim::ClockGate, bool))
C:\Users\WONG\git\libsccc\lib\libsccc-d-vcan-fx15dev.a(sys_tick_timer-d-vcan-fx15dev.o)
                              C:\Users\WONG\git\libsccc\lib\libsccc-d-vcan-fx15dev.a(system-d-vcan-fx15dev.o) (libsc::SysTickTimer::SysTickTimer())
C:\Users\WONG\git\libsccc\lib\libsccc-d-vcan-fx15dev.a(endian_utils-d-vcan-fx15dev.o)
                              C:\Users\WONG\git\libsccc\lib\libsccc-d-vcan-fx15dev.a(sim-d-vcan-fx15dev.o) (libutil::EndianUtils::IsBigEndian())
C:\Users\WONG\git\libsccc\lib\libsccc-d-vcan-fx15dev.a(string-d-vcan-fx15dev.o)
                              C:\Users\WONG\git\libsccc\lib\libsccc-d-vcan-fx15dev.a(sim-d-vcan-fx15dev.o) (libutil::String::Format(char const*, ...))
C:\Users\WONG\git\libsccc\lib\libsccc-d-vcan-fx15dev.a(mk60f15_lqfp144-d-vcan-fx15dev.o)
                              C:\Users\WONG\git\libsccc\lib\libsccc-d-vcan-fx15dev.a(pin-d-vcan-fx15dev.o) (libbase::k60::Mk60f15Lqfp144::Mk60f15Lqfp144())
C:\Users\WONG\git\libsccc\lib\libsccc-d-vcan-fx15dev.a(clock_utils-d-vcan-fx15dev.o)
                              C:\Users\WONG\git\libsccc\lib\libsccc-d-vcan-fx15dev.a(sys_tick_timer-d-vcan-fx15dev.o) (libbase::k60::ClockUtils::GetCoreClockKhz())
C:\Users\WONG\git\libsccc\lib\libsccc-d-vcan-fx15dev.a(sys_tick-d-vcan-fx15dev.o)
[...]
Memory Configuration

Name             Origin             Length             Attributes
m_interrupts     0x00000000         0x000001e8         xr
m_text           0x00000410         0x0007fbf0         xr
m_data           0x1fff0000         0x00010000         rw
m_data_20000000  0x20000000         0x00010000         rw
m_cfmprotrom     0x00000400         0x00000010         xr
*default*        0x00000000         0xffffffff

Linker script and memory map

LOAD c:/program files (x86)/gnu tools arm embedded/4.8 2014q3/bin/../lib/gcc/arm-none-eabi/4.8.4/armv7e-m/fpu/crti.o
LOAD c:/program files (x86)/gnu tools arm embedded/4.8 2014q3/bin/../lib/gcc/arm-none-eabi/4.8.4/armv7e-m/fpu/crtbegin.o
LOAD c:/program files (x86)/gnu tools arm embedded/4.8 2014q3/bin/../lib/gcc/arm-none-eabi/4.8.4/../../../../arm-none-eabi/lib/armv7e-m/fpu/crt0.o
LOAD obj/main-d-vcan-fx15dev.o
LOAD C:\Users\WONG\git\libsccc\lib\libsccc-d-vcan-fx15dev.a
LOAD c:/program files (x86)/gnu tools arm embedded/4.8 2014q3/bin/../lib/gcc/arm-none-eabi/4.8.4/../../../../arm-none-eabi/lib/armv7e-m/fpu\libstdc++_s.a
LOAD c:/program files (x86)/gnu tools arm embedded/4.8 2014q3/bin/../lib/gcc/arm-none-eabi/4.8.4/../../../../arm-none-eabi/lib/armv7e-m/fpu\libm.a
START GROUP
LOAD c:/program files (x86)/gnu tools arm embedded/4.8 2014q3/bin/../lib/gcc/arm-none-eabi/4.8.4/armv7e-m/fpu\libgcc.a
LOAD c:/program files (x86)/gnu tools arm embedded/4.8 2014q3/bin/../lib/gcc/arm-none-eabi/4.8.4/../../../../arm-none-eabi/lib/armv7e-m/fpu\libc_s.a
END GROUP
START GROUP
LOAD c:/program files (x86)/gnu tools arm embedded/4.8 2014q3/bin/../lib/gcc/arm-none-eabi/4.8.4/armv7e-m/fpu\libgcc.a
LOAD c:/program files (x86)/gnu tools arm embedded/4.8 2014q3/bin/../lib/gcc/arm-none-eabi/4.8.4/../../../../arm-none-eabi/lib/armv7e-m/fpu\libc_s.a
END GROUP
LOAD c:/program files (x86)/gnu tools arm embedded/4.8 2014q3/bin/../lib/gcc/arm-none-eabi/4.8.4/armv7e-m/fpu/crtend.o
LOAD c:/program files (x86)/gnu tools arm embedded/4.8 2014q3/bin/../lib/gcc/arm-none-eabi/4.8.4/armv7e-m/fpu/crtn.o
                0x20000000                _estack = 0x20000000
                0x20000000                __SP_INIT = _estack
                0x00009000                __heap_size = 0x9000
                0x00001000                __stack_size = 0x1000

.interrupts     0x00000000      0x1e8
                0x00000000                __vector_table = .
                0x00000000                . = ALIGN (0x4)
 *(.vectortable)
 .vectortable   0x00000000      0x1e8 C:\Users\WONG\git\libsccc\lib\libsccc-d-vcan-fx15dev.a(vectors-d-vcan-fx15dev.o)
                0x00000000                __vect_table
                0x000001e8                . = ALIGN (0x4)

.cfmprotect     0x00000400       0x10
                0x00000400                . = ALIGN (0x4)
 *(.cfmconfig)
 .cfmconfig     0x00000400       0x10 C:\Users\WONG\git\libsccc\lib\libsccc-d-vcan-fx15dev.a(system-d-vcan-fx15dev.o)
                0x00000400                _cfm
                0x00000410                . = ALIGN (0x4)

.text           0x00000410     0xfe0c
                0x00000410                . = ALIGN (0x4)
 *(.text)
 .text          0x00000410       0x54 c:/program files (x86)/gnu tools arm embedded/4.8 2014q3/bin/../lib/gcc/arm-none-eabi/4.8.4/armv7e-m/fpu/crtbegin.o
 .text          0x00000464     0x5784 c:/program files (x86)/gnu tools arm embedded/4.8 2014q3/bin/../lib/gcc/arm-none-eabi/4.8.4/../../../../arm-none-eabi/lib/armv7e-m/fpu\libstdc++_s.a(cp-demangle.o)
                0x00005b08                __cxa_demangle
                0x00005bcc                __gcclibcxx_demangle_callback
 .text          0x00005be8       0x14 c:/program files (x86)/gnu tools arm embedded/4.8 2014q3/bin/../lib/gcc/arm-none-eabi/4.8.4/../../../../arm-none-eabi/lib/armv7e-m/fpu\libc_s.a(lib_a-strcmp.o)
                0x00005be8                strcmp
 .text          0x00005bfc      0x370 c:/program files (x86)/gnu tools arm embedded/4.8 2014q3/bin/../lib/gcc/arm-none-eabi/4.8.4/armv7e-m/fpu\libgcc.a(_arm_addsubdf3.o)
                0x00005bfc                __aeabi_drsub
                0x00005c04                __aeabi_dsub
                0x00005c04                __subdf3
                0x00005c08                __aeabi_dadd
                0x00005c08                __adddf3
                0x00005e80                __floatunsidf
                0x00005e80                __aeabi_ui2d
                0x00005ea0                __floatsidf
                0x00005ea0                __aeabi_i2d
                0x00005ec4                __aeabi_f2d
                0x00005ec4                __extendsfdf2
                0x00005f00                __floatundidf
                0x00005f00                __aeabi_ul2d
                0x00005f10                __floatdidf
                0x00005f10                __aeabi_l2d
 .text          0x00005f6c      0x424 c:/program files (x86)/gnu tools arm embedded/4.8 2014q3/bin/../lib/gcc/arm-none-eabi/4.8.4/armv7e-m/fpu\libgcc.a(_arm_muldivdf3.o)
                0x00005f6c                __aeabi_dmul
                0x00005f6c                __muldf3
                0x000061c0                __divdf3
                0x000061c0                __aeabi_ddiv
 .text          0x00006390      0x110 c:/program files (x86)/gnu tools arm embedded/4.8 2014q3/bin/../lib/gcc/arm-none-eabi/4.8.4/armv7e-m/fpu\libgcc.a(_arm_cmpdf2.o)
                0x00006390                __gtdf2
                0x00006390                __gedf2
                0x00006398                __ltdf2
                0x00006398                __ledf2
                0x000063a0                __nedf2
                0x000063a0                __eqdf2
                0x000063a0                __cmpdf2
                0x0000641c                __aeabi_cdrcmple
                0x0000642c                __aeabi_cdcmpeq
                0x0000642c                __aeabi_cdcmple
                0x0000643c                __aeabi_dcmpeq
                0x00006450                __aeabi_dcmplt
                0x00006464                __aeabi_dcmple
                0x00006478                __aeabi_dcmpge
                0x0000648c                __aeabi_dcmpgt
 .text          0x000064a0       0x50 c:/program files (x86)/gnu tools arm embedded/4.8 2014q3/bin/../lib/gcc/arm-none-eabi/4.8.4/armv7e-m/fpu\libgcc.a(_arm_fixdfsi.o)
                0x000064a0                __aeabi_d2iz
                0x000064a0                __fixdfsi
 *(.text*)
 .text._ZnwjPv  0x000064f0       0x18 obj/main-d-vcan-fx15dev.o
                0x000064f0                operator new(unsigned int, void*)
 .text._ZNSt9_Any_data9_M_accessEv
                0x00006508       0x18 obj/main-d-vcan-fx15dev.o
                0x00006508                std::_Any_data::_M_access()
 .text._ZNKSt9_Any_data9_M_accessEv
                0x00006520       0x18 obj/main-d-vcan-fx15dev.o
                0x00006520                std::_Any_data::_M_access() const
 .text._ZNSt14_Function_baseC2Ev
                0x00006538       0x1c obj/main-d-vcan-fx15dev.o
                0x00006538                std::_Function_base::_Function_base()
                0x00006538                std::_Function_base::_Function_base()
 .text._ZNSt14_Function_baseD2Ev
                0x00006554       0x2c obj/main-d-vcan-fx15dev.o
                0x00006554                std::_Function_base::~_Function_base()
                0x00006554                std::_Function_base::~_Function_base()
 .text._ZN7libbase3k603Mcg12GetMcgConfigEv
                0x00006580       0x2c obj/main-d-vcan-fx15dev.o
                0x00006580                libbase::k60::Mcg::GetMcgConfig()
 .text._ZNSt8functionIFvhEED2Ev
                0x000065ac       0x1c obj/main-d-vcan-fx15dev.o
                0x000065ac                std::function<void (unsigned char)>::~function()
                0x000065ac                std::function<void (unsigned char)>::~function()
 .text._ZN5libsc6Button6ConfigC2Ev
                0x000065c8       0x24 obj/main-d-vcan-fx15dev.o
                0x000065c8                libsc::Button::Config::Config()
                0x000065c8                libsc::Button::Config::Config()
 .text.main     0x000065ec       0x78 obj/main-d-vcan-fx15dev.o
                0x000065ec                main
 .text._Z10B1Listenerh
                0x00006664       0x20 obj/main-d-vcan-fx15dev.o
                0x00006664                B1Listener(unsigned char)
 .text._ZNSt14unary_functionIhvEC2Ev
                0x00006684       0x18 obj/main-d-vcan-fx15dev.o
                0x00006684                std::unary_function<unsigned char, void>::unary_function()
                0x00006684                std::unary_function<unsigned char, void>::unary_function()
 .text._ZNSt31_Maybe_unary_or_binary_functionIvIhEEC2Ev
                0x0000669c       0x18 obj/main-d-vcan-fx15dev.o
                0x0000669c                std::_Maybe_unary_or_binary_function<void, unsigned char>::_Maybe_unary_or_binary_function()
                0x0000669c                std::_Maybe_unary_or_binary_function<void, unsigned char>::_Maybe_unary_or_binary_function()
                0x0000669c                std::_Maybe_unary_or_binary_function<void, unsigned char>::_Maybe_unary_or_binary_function()
                0x0000669c                std::_Maybe_unary_or_binary_function<void, unsigned char>::_Maybe_unary_or_binary_function()
 .text._ZNSt8functionIFvhEEC2Ev
                0x000066b4       0x20 obj/main-d-vcan-fx15dev.o
                0x000066b4                std::function<void (unsigned char)>::function()
                0x000066b4                std::function<void (unsigned char)>::function()
 .text._ZSt7forwardIPFvhEEOT_RNSt16remove_referenceIS2_E4typeE
                0x000066d4       0x18 obj/main-d-vcan-fx15dev.o
                0x000066d4                void (*&&std::forward<void (*)(unsigned char)>(std::remove_reference<void (*)(unsigned char)>::type&))(unsigned char)
 .text._ZNSt8functionIFvhEEaSIPS0_EENSt9enable_ifIXsrSt6__and_IISt6__not_ISt7is_sameINSt5decayIT_E4typeES1_EESt5__or_IISt7is_voidIvESt14is_convertibleIDTclcl18__callable_functorcl7declvalIRSB_EEEcl7declvalIhEEEEvEEEEE5valueERS1_E4typeEOS9_
                0x000066ec       0x40 obj/main-d-vcan-fx15dev.o
                0x000066ec                std::enable_if<std::__and_<std::__not_<std::is_same<std::decay<void (*)(unsigned char)>::type, std::function<void (unsigned char)> > >, std::__or_<std::is_void<void>, std::is_convertible<decltype ((__callable_functor((declval<std::decay<void (*)(unsigned char)>::type&>)()))((declval<unsigned char>)())), void> > >::value, std::function<void (unsigned char)>&>::type std::function<void (unsigned char)>::operator=<void (*)(unsigned char)>(void (*&&)(unsigned char))
                0x000066ec                std::enable_if<std::__and_<std::__not_<std::is_same<std::decay<void (*)(unsigned char)>::type, std::function<void (unsigned char)> > >, std::__or_<std::is_void<void>, std::is_convertible<decltype ((__callable_functor((declval<std::decay<void (*)(unsigned char)>::type&>)()))((declval<unsigned char>)())), void> > >::value, std::function<void (unsigned char)>&>::type std::function<void (unsigned char)>::operator=<void (*)(unsigned char)>(void (*&&)(unsigned char))
 .text._ZSt4moveIRPFvhEEONSt16remove_referenceIT_E4typeEOS4_
                0x0000672c       0x18 obj/main-d-vcan-fx15dev.o
                0x0000672c                std::remove_reference<void (*&)(unsigned char)>::type&& std::move<void (*&)(unsigned char)>(void (*&)(unsigned char))
 .text._ZNSt8functionIFvhEEC2IPS0_vEET_
                0x00006744       0x58 obj/main-d-vcan-fx15dev.o
                0x00006744                std::function<void (unsigned char)>::function<void (*)(unsigned char), void>(void (*)(unsigned char))
                0x00006744                std::function<void (unsigned char)>::function<void (*)(unsigned char), void>(void (*)(unsigned char))
 .text._ZNSt8functionIFvhEE4swapERS1_
                0x0000679c       0x40 obj/main-d-vcan-fx15dev.o
                0x0000679c                std::function<void (unsigned char)>::swap(std::function<void (unsigned char)>&)
 .text._ZNSt14_Function_base13_Base_managerIPFvhEE21_M_not_empty_functionIS1_EEbRKPT_
                0x000067dc       0x24 obj/main-d-vcan-fx15dev.o
                0x000067dc                bool std::_Function_base::_Base_manager<void (*)(unsigned char)>::_M_not_empty_function<void (unsigned char)>(void (* const&)(unsigned char))
 .text._ZNSt14_Function_base13_Base_managerIPFvhEE15_M_init_functorERSt9_Any_dataOS2_
                0x00006800       0x24 obj/main-d-vcan-fx15dev.o
                0x00006800                std::_Function_base::_Base_manager<void (*)(unsigned char)>::_M_init_functor(std::_Any_data&, void (*&&)(unsigned char))
 .text._ZSt7forwardIhEOT_RNSt16remove_referenceIS0_E4typeE
                0x00006824       0x18 obj/main-d-vcan-fx15dev.o
                0x00006824                unsigned char&& std::forward<unsigned char>(std::remove_reference<unsigned char>::type&)
 .text._ZNSt17_Function_handlerIFvhEPS0_E9_M_invokeERKSt9_Any_datah
                0x0000683c       0x2c obj/main-d-vcan-fx15dev.o
                0x0000683c                std::_Function_handler<void (unsigned char), void (*)(unsigned char)>::_M_invoke(std::_Any_data const&, unsigned char)
 .text._ZNSt14_Function_base13_Base_managerIPFvhEE10_M_managerERSt9_Any_dataRKS4_St18_Manager_operation
                0x00006868       0x50 obj/main-d-vcan-fx15dev.o
                0x00006868                std::_Function_base::_Base_manager<void (*)(unsigned char)>::_M_manager(std::_Any_data&, std::_Any_data const&, std::_Manager_operation)
 .text._ZSt4moveIRSt9_Any_dataEONSt16remove_referenceIT_E4typeEOS3_
                0x000068b8       0x18 obj/main-d-vcan-fx15dev.o
                0x000068b8                std::remove_reference<std::_Any_data&>::type&& std::move<std::_Any_data&>(std::_Any_data&)
 .text._ZSt4swapISt9_Any_dataEvRT_S2_
                0x000068d0       0x4c obj/main-d-vcan-fx15dev.o
                0x000068d0                void std::swap<std::_Any_data>(std::_Any_data&, std::_Any_data&)
 .text._ZSt4moveIRPFbRSt9_Any_dataRKS0_St18_Manager_operationEEONSt16remove_referenceIT_E4typeEOS9_
                0x0000691c       0x18 obj/main-d-vcan-fx15dev.o
                0x0000691c                std::remove_reference<bool (*&)(std::_Any_data&, std::_Any_data const&, std::_Manager_operation)>::type&& std::move<bool (*&)(std::_Any_data&, std::_Any_data const&, std::_Manager_operation)>(bool (*&)(std::_Any_data&, std::_Any_data const&, std::_Manager_operation))
 .text._ZSt4swapIPFbRSt9_Any_dataRKS0_St18_Manager_operationEEvRT_S8_
                0x00006934       0x3c obj/main-d-vcan-fx15dev.o
                0x00006934                void std::swap<bool (*)(std::_Any_data&, std::_Any_data const&, std::_Manager_operation)>(bool (*&)(std::_Any_data&, std::_Any_data const&, std::_Manager_operation), bool (*&)(std::_Any_data&, std::_Any_data const&, std::_Manager_operation))
 .text._ZSt4moveIRPFvRKSt9_Any_datahEEONSt16remove_referenceIT_E4typeEOS7_
                0x00006970       0x18 obj/main-d-vcan-fx15dev.o
                0x00006970                std::remove_reference<void (*&)(std::_Any_data const&, unsigned char)>::type&& std::move<void (*&)(std::_Any_data const&, unsigned char)>(void (*&)(std::_Any_data const&, unsigned char))
 .text._ZSt4swapIPFvRKSt9_Any_datahEEvRT_S6_
                0x00006988       0x3c obj/main-d-vcan-fx15dev.o
                0x00006988                void std::swap<void (*)(std::_Any_data const&, unsigned char)>(void (*&)(std::_Any_data const&, unsigned char), void (*&)(std::_Any_data const&, unsigned char))
 .text._ZNSt14_Function_base13_Base_managerIPFvhEE15_M_init_functorERSt9_Any_dataOS2_St17integral_constantIbLb1EE
                0x000069c4       0x34 obj/main-d-vcan-fx15dev.o
                0x000069c4                std::_Function_base::_Base_manager<void (*)(unsigned char)>::_M_init_functor(std::_Any_data&, void (*&&)(unsigned char), std::integral_constant<bool, true>)
 .text._ZNSt14_Function_base13_Base_managerIPFvhEE14_M_get_pointerERKSt9_Any_data
                0x000069f8       0x24 obj/main-d-vcan-fx15dev.o
                0x000069f8                std::_Function_base::_Base_manager<void (*)(unsigned char)>::_M_get_pointer(std::_Any_data const&)
 .text._ZNSt9_Any_data9_M_accessIPPFvhEEERT_v
                0x00006a1c       0x18 obj/main-d-vcan-fx15dev.o
                0x00006a1c                void (**&std::_Any_data::_M_access<void (**)(unsigned char)>())(unsigned char)
 .text._ZNSt14_Function_base13_Base_managerIPFvhEE8_M_cloneERSt9_Any_dataRKS4_St17integral_constantIbLb1EE
                0x00006a34       0x34 obj/main-d-vcan-fx15dev.o
                0x00006a34                std::_Function_base::_Base_manager<void (*)(unsigned char)>::_M_clone(std::_Any_data&, std::_Any_data const&, std::integral_constant<bool, true>)
 .text._ZNSt14_Function_base13_Base_managerIPFvhEE10_M_destroyERSt9_Any_dataSt17integral_constantIbLb1EE
                0x00006a68       0x18 obj/main-d-vcan-fx15dev.o
                0x00006a68                std::_Function_base::_Base_manager<void (*)(unsigned char)>::_M_destroy(std::_Any_data&, std::integral_constant<bool, true>)
 .text._ZNKSt9_Any_data9_M_accessIPFvhEEERKT_v
                0x00006a80       0x18 obj/main-d-vcan-fx15dev.o
                0x00006a80                void (* const&std::_Any_data::_M_access<void (*)(unsigned char)>() const)(unsigned char)
 .text._ZSt11__addressofIKPFvhEEPT_RS3_
                0x00006a98       0x18 obj/main-d-vcan-fx15dev.o
                0x00006a98                void (* const*std::__addressof<void (* const)(unsigned char)>(void (* const&)(unsigned char)))(unsigned char)
 .text._ZNSt9_Any_data9_M_accessIPFvhEEERT_v
                0x00006ab0       0x18 obj/main-d-vcan-fx15dev.o
                0x00006ab0                void (*&std::_Any_data::_M_access<void (*)(unsigned char)>())(unsigned char)
 .text.__flush_cache
                0x00006ac8       0x14 C:\Users\WONG\git\libsccc\lib\libsccc-d-vcan-fx15dev.a(startup-d-vcan-fx15dev.o)
 .text.__copy_rom_section
                0x00006adc       0xc0 C:\Users\WONG\git\libsccc\lib\libsccc-d-vcan-fx15dev.a(startup-d-vcan-fx15dev.o)
 .text.__copy_rom_sections_to_ram
                0x00006b9c       0xd0 C:\Users\WONG\git\libsccc\lib\libsccc-d-vcan-fx15dev.a(startup-d-vcan-fx15dev.o)
 .text.zero_fill_bss
                0x00006c6c       0x98 C:\Users\WONG\git\libsccc\lib\libsccc-d-vcan-fx15dev.a(startup-d-vcan-fx15dev.o)
 .text.__thumb_startup
                0x00006d04       0x48 C:\Users\WONG\git\libsccc\lib\libsccc-d-vcan-fx15dev.a(startup-d-vcan-fx15dev.o)
                0x00006d04                __thumb_startup
 .text.SystemInit
                0x00006d4c       0x18 C:\Users\WONG\git\libsccc\lib\libsccc-d-vcan-fx15dev.a(system-d-vcan-fx15dev.o)
                0x00006d4c                SystemInit
 .text._ZN7libbase3k603Fpu3GetEv
                0x00006d64       0x40 C:\Users\WONG\git\libsccc\lib\libsccc-d-vcan-fx15dev.a(fpu-d-vcan-fx15dev.o)
                0x00006d64                libbase::k60::Fpu::Get()
 .text._ZN7libbase3k603FpuC2Ev
                0x00006da4       0x18 C:\Users\WONG\git\libsccc\lib\libsccc-d-vcan-fx15dev.a(fpu-d-vcan-fx15dev.o)
                0x00006da4                libbase::k60::Fpu::Fpu()
                0x00006da4                libbase::k60::Fpu::Fpu()
 .text._ZN7libbase3k603Fpu4InitEv
                0x00006dbc       0x44 C:\Users\WONG\git\libsccc\lib\libsccc-d-vcan-fx15dev.a(fpu-d-vcan-fx15dev.o)
                0x00006dbc                libbase::k60::Fpu::Init()
 .text._ZN7libbase3k603Fpu9InitFpccrERKNS1_6ConfigE
                0x00006e00       0x60 C:\Users\WONG\git\libsccc\lib\libsccc-d-vcan-fx15dev.a(fpu-d-vcan-fx15dev.o)
                0x00006e00                libbase::k60::Fpu::InitFpccr(libbase::k60::Fpu::Config const&)
 .text._ZN7libbase3k603Fpu10InitFpdscrERKNS1_6ConfigE
                0x00006e60       0x54 C:\Users\WONG\git\libsccc\lib\libsccc-d-vcan-fx15dev.a(fpu-d-vcan-fx15dev.o)
                0x00006e60                libbase::k60::Fpu::InitFpdscr(libbase::k60::Fpu::Config const&)
 .text._ZN7libbase3k603Fpu6ConfigC2Ev
                0x00006eb4       0x28 C:\Users\WONG\git\libsccc\lib\libsccc-d-vcan-fx15dev.a(fpu-d-vcan-fx15dev.o)
                0x00006eb4                libbase::k60::Fpu::Config::Config()
                0x00006eb4                libbase::k60::Fpu::Config::Config()
 .text._ZN7libbase3k603Fpu12GetFpuConfigEv
                0x00006edc       0x28 C:\Users\WONG\git\libsccc\lib\libsccc-d-vcan-fx15dev.a(fpu-d-vcan-fx15dev.o)
                0x00006edc                libbase::k60::Fpu::GetFpuConfig()
 .text.LibbaseK60FpuInit
                0x00006f04       0x14 C:\Users\WONG\git\libsccc\lib\libsccc-d-vcan-fx15dev.a(fpu-d-vcan-fx15dev.o)
                0x00006f04                LibbaseK60FpuInit
 .text._ZN7libbase3k603Mcg3GetEv
                0x00006f18       0x40 C:\Users\WONG\git\libsccc\lib\libsccc-d-vcan-fx15dev.a(mcg-d-vcan-fx15dev.o)
                0x00006f18                libbase::k60::Mcg::Get()
 .text._ZN7libbase3k603Mcg12GetCoreClockEv
                0x00006f58       0x18 C:\Users\WONG\git\libsccc\lib\libsccc-d-vcan-fx15dev.a(mcg-d-vcan-fx15dev.o)
                0x00006f58                libbase::k60::Mcg::GetCoreClock()
 .text._ZN7libbase3k6012_GLOBAL__N_112GetFreqRangeEm
                0x00006f70       0x50 C:\Users\WONG\git\libsccc\lib\libsccc-d-vcan-fx15dev.a(mcg-d-vcan-fx15dev.o)
 .text._ZNK7libbase3k6012_GLOBAL__N_114FllDividerCalc8GetFrdivEv
                0x00006fc0       0x18 C:\Users\WONG\git\libsccc\lib\libsccc-d-vcan-fx15dev.a(mcg-d-vcan-fx15dev.o)
 .text._ZN7libbase3k6012_GLOBAL__N_114FllDividerCalc4CalcEm
                0x00006fd8       0xe8 C:\Users\WONG\git\libsccc\lib\libsccc-d-vcan-fx15dev.a(mcg-d-vcan-fx15dev.o)
 .text._ZNK7libbase3k6012_GLOBAL__N_114PllDividerCalc8GetPrdivEv
                0x000070c0       0x18 C:\Users\WONG\git\libsccc\lib\libsccc-d-vcan-fx15dev.a(mcg-d-vcan-fx15dev.o)
 .text._ZNK7libbase3k6012_GLOBAL__N_114PllDividerCalc7GetVdivEv
                0x000070d8       0x18 C:\Users\WONG\git\libsccc\lib\libsccc-d-vcan-fx15dev.a(mcg-d-vcan-fx15dev.o)
 .text._ZNK7libbase3k6012_GLOBAL__N_114PllDividerCalc12GetCoreClockEv
                0x000070f0       0x18 C:\Users\WONG\git\libsccc\lib\libsccc-d-vcan-fx15dev.a(mcg-d-vcan-fx15dev.o)
 .text._ZN7libbase3k6012_GLOBAL__N_114PllDividerCalc4CalcEmm
                0x00007108       0xdc C:\Users\WONG\git\libsccc\lib\libsccc-d-vcan-fx15dev.a(mcg-d-vcan-fx15dev.o)
 .text._ZN7libbase3k603Mcg6ConfigC2Ev
                0x000071e4       0x40 C:\Users\WONG\git\libsccc\lib\libsccc-d-vcan-fx15dev.a(mcg-d-vcan-fx15dev.o)
                0x000071e4                libbase::k60::Mcg::Config::Config()
                0x000071e4                libbase::k60::Mcg::Config::Config()
 .text._ZN7libbase3k603McgC2Ev
                0x00007224       0x1c C:\Users\WONG\git\libsccc\lib\libsccc-d-vcan-fx15dev.a(mcg-d-vcan-fx15dev.o)
                0x00007224                libbase::k60::Mcg::Mcg()
                0x00007224                libbase::k60::Mcg::Mcg()
 .text._ZN7libbase3k603Mcg4InitEv
                0x00007240       0xc8 C:\Users\WONG\git\libsccc\lib\libsccc-d-vcan-fx15dev.a(mcg-d-vcan-fx15dev.o)
                0x00007240                libbase::k60::Mcg::Init()
 .text._ZN7libbase3k603Mcg7InitFbeERKNS1_6ConfigE
                0x00007308       0xe0 C:\Users\WONG\git\libsccc\lib\libsccc-d-vcan-fx15dev.a(mcg-d-vcan-fx15dev.o)
                0x00007308                libbase::k60::Mcg::InitFbe(libbase::k60::Mcg::Config const&)
 .text._ZN7libbase3k603Mcg7InitPbeERKNS1_6ConfigEh
                0x000073e8       0x90 C:\Users\WONG\git\libsccc\lib\libsccc-d-vcan-fx15dev.a(mcg-d-vcan-fx15dev.o)
                0x000073e8                libbase::k60::Mcg::InitPbe(libbase::k60::Mcg::Config const&, unsigned char)
 .text._ZN7libbase3k603Mcg7InitPeeERKNS1_6ConfigE
                0x00007478       0x44 C:\Users\WONG\git\libsccc\lib\libsccc-d-vcan-fx15dev.a(mcg-d-vcan-fx15dev.o)
                0x00007478                libbase::k60::Mcg::InitPee(libbase::k60::Mcg::Config const&)
 .text._ZN7libbase3k603Mcg10InitClocksERKNS1_6ConfigEm
                0x000074bc      0x1c8 C:\Users\WONG\git\libsccc\lib\libsccc-d-vcan-fx15dev.a(mcg-d-vcan-fx15dev.o)
                0x000074bc                libbase::k60::Mcg::InitClocks(libbase::k60::Mcg::Config const&, unsigned long)
 .text.LibbaseK60McgInit
                0x00007684       0x14 C:\Users\WONG\git\libsccc\lib\libsccc-d-vcan-fx15dev.a(mcg-d-vcan-fx15dev.o)
                0x00007684                LibbaseK60McgInit
 .text._ZSt3minImERKT_S2_S2_
                0x00007698       0x28 C:\Users\WONG\git\libsccc\lib\libsccc-d-vcan-fx15dev.a(mcg-d-vcan-fx15dev.o)
                0x00007698                unsigned long const& std::min<unsigned long>(unsigned long const&, unsigned long const&)
 .text._ZN7libbase3k6012_GLOBAL__N_16UnlockEv
                0x000076c0       0x24 C:\Users\WONG\git\libsccc\lib\libsccc-d-vcan-fx15dev.a(watchdog-d-vcan-fx15dev.o)
 .text._ZN7libbase3k608Watchdog4InitEv
                0x000076e4       0x34 C:\Users\WONG\git\libsccc\lib\libsccc-d-vcan-fx15dev.a(watchdog-d-vcan-fx15dev.o)
                0x000076e4                libbase::k60::Watchdog::Init()
 .text._ZN7libbase3k608Watchdog13InitStctrlRegERKNS1_6ConfigE
                0x00007718       0x68 C:\Users\WONG\git\libsccc\lib\libsccc-d-vcan-fx15dev.a(watchdog-d-vcan-fx15dev.o)
                0x00007718                libbase::k60::Watchdog::InitStctrlReg(libbase::k60::Watchdog::Config const&)
 .text._ZN7libbase3k608Watchdog14InitTimeOutRegERKNS1_6ConfigE
                0x00007780       0x48 C:\Users\WONG\git\libsccc\lib\libsccc-d-vcan-fx15dev.a(watchdog-d-vcan-fx15dev.o)
                0x00007780                libbase::k60::Watchdog::InitTimeOutReg(libbase::k60::Watchdog::Config const&)
 .text._ZN7libbase3k608Watchdog12InitPrescRegEv
                0x000077c8       0x18 C:\Users\WONG\git\libsccc\lib\libsccc-d-vcan-fx15dev.a(watchdog-d-vcan-fx15dev.o)
                0x000077c8                libbase::k60::Watchdog::InitPrescReg()
 .text._ZN7libbase3k608Watchdog6ConfigC2Ev
                0x000077e0       0x24 C:\Users\WONG\git\libsccc\lib\libsccc-d-vcan-fx15dev.a(watchdog-d-vcan-fx15dev.o)
                0x000077e0                libbase::k60::Watchdog::Config::Config()
                0x000077e0                libbase::k60::Watchdog::Config::Config()
 .text._ZN7libbase3k608Watchdog17GetWatchdogConfigEv
                0x00007804       0x24 C:\Users\WONG\git\libsccc\lib\libsccc-d-vcan-fx15dev.a(watchdog-d-vcan-fx15dev.o)
                0x00007804                libbase::k60::Watchdog::GetWatchdogConfig()
 .text.LibbaseK60WatchdogInit
                0x00007828        0xc C:\Users\WONG\git\libsccc\lib\libsccc-d-vcan-fx15dev.a(watchdog-d-vcan-fx15dev.o)
                0x00007828                LibbaseK60WatchdogInit
 .text.LibbaseK60WatchdogIsr
                0x00007834       0x28 C:\Users\WONG\git\libsccc\lib\libsccc-d-vcan-fx15dev.a(watchdog-d-vcan-fx15dev.o)
                0x00007834                LibbaseK60WatchdogIsr
 .text._ZNKSt14_Function_base8_M_emptyEv
                0x0000785c       0x24 C:\Users\WONG\git\libsccc\lib\libsccc-d-vcan-fx15dev.a(button-d-vcan-fx15dev.o)
                0x0000785c                std::_Function_base::_M_empty() const
 .text._ZNSt12_Base_bitsetILj1EE11_S_whichbitEj
                0x00007880       0x1c C:\Users\WONG\git\libsccc\lib\libsccc-d-vcan-fx15dev.a(button-d-vcan-fx15dev.o)
                0x00007880                std::_Base_bitset<1u>::_S_whichbit(unsigned int)
 .text._ZNSt12_Base_bitsetILj1EE10_S_maskbitEj
                0x0000789c       0x20 C:\Users\WONG\git\libsccc\lib\libsccc-d-vcan-fx15dev.a(button-d-vcan-fx15dev.o)
                0x0000789c                std::_Base_bitset<1u>::_S_maskbit(unsigned int)
 .text._ZNSt12_Base_bitsetILj1EE10_M_getwordEj
                0x000078bc       0x18 C:\Users\WONG\git\libsccc\lib\libsccc-d-vcan-fx15dev.a(button-d-vcan-fx15dev.o)
                0x000078bc                std::_Base_bitset<1u>::_M_getword(unsigned int)
 .text._ZN5libsc12_GLOBAL__N_16GetPinEh
                0x000078d4       0x34 C:\Users\WONG\git\libsccc\lib\libsccc-d-vcan-fx15dev.a(button-d-vcan-fx15dev.o)
 .text._ZNSt8functionIFvPN7libbase3k603GpiEEED2Ev
                0x00007908       0x1c C:\Users\WONG\git\libsccc\lib\libsccc-d-vcan-fx15dev.a(button-d-vcan-fx15dev.o)
                0x00007908                std::function<void (libbase::k60::Gpi*)>::~function()
                0x00007908                std::function<void (libbase::k60::Gpi*)>::~function()
 .text._ZN7libbase3k603Gpi6ConfigC2Ev
                0x00007924       0x28 C:\Users\WONG\git\libsccc\lib\libsccc-d-vcan-fx15dev.a(button-d-vcan-fx15dev.o)
                0x00007924                libbase::k60::Gpi::Config::Config()
                0x00007924                libbase::k60::Gpi::Config::Config()
 .text._ZN7libbase3k603Gpi6ConfigD2Ev
                0x0000794c       0x1c C:\Users\WONG\git\libsccc\lib\libsccc-d-vcan-fx15dev.a(button-d-vcan-fx15dev.o)
                0x0000794c                libbase::k60::Gpi::Config::~Config()
                0x0000794c                libbase::k60::Gpi::Config::~Config()
 .text._ZN5libsc12_GLOBAL__N_112GetGpiConfigERKNS_6Button6ConfigERKSt8functionIFvPN7libbase3k603GpiEEE
                0x00007968       0xb8 C:\Users\WONG\git\libsccc\lib\libsccc-d-vcan-fx15dev.a(button-d-vcan-fx15dev.o)
 .text._ZZN5libsc6ButtonC1ERKNS0_6ConfigEENKUlPN7libbase3k603GpiEE_clES7_
                0x00007a20       0x20 C:\Users\WONG\git\libsccc\lib\libsccc-d-vcan-fx15dev.a(button-d-vcan-fx15dev.o)
 .text._ZZN5libsc6ButtonC1ERKNS0_6ConfigEENUlPN7libbase3k603GpiEE_D2Ev
                0x00007a40       0x1c C:\Users\WONG\git\libsccc\lib\libsccc-d-vcan-fx15dev.a(button-d-vcan-fx15dev.o)
 .text._ZN5libsc6ButtonC2ERKNS0_6ConfigE
                0x00007a5c       0xe4 C:\Users\WONG\git\libsccc\lib\libsccc-d-vcan-fx15dev.a(button-d-vcan-fx15dev.o)
                0x00007a5c                libsc::Button::Button(libsc::Button::Config const&)
                0x00007a5c                libsc::Button::Button(libsc::Button::Config const&)
 .text._ZNSt14unary_functionIPN7libbase3k603GpiEvEC2Ev
                0x00007b40       0x18 C:\Users\WONG\git\libsccc\lib\libsccc-d-vcan-fx15dev.a(button-d-vcan-fx15dev.o)
                0x00007b40                std::unary_function<libbase::k60::Gpi*, void>::unary_function()
                0x00007b40                std::unary_function<libbase::k60::Gpi*, void>::unary_function()
 .text._ZNSt31_Maybe_unary_or_binary_functionIvIPN7libbase3k603GpiEEEC2Ev
                0x00007b58       0x18 C:\Users\WONG\git\libsccc\lib\libsccc-d-vcan-fx15dev.a(button-d-vcan-fx15dev.o)
                0x00007b58                std::_Maybe_unary_or_binary_function<void, libbase::k60::Gpi*>::_Maybe_unary_or_binary_function()
                0x00007b58                std::_Maybe_unary_or_binary_function<void, libbase::k60::Gpi*>::_Maybe_unary_or_binary_function()
                0x00007b58                std::_Maybe_unary_or_binary_function<void, libbase::k60::Gpi*>::_Maybe_unary_or_binary_function()
                0x00007b58                std::_Maybe_unary_or_binary_function<void, libbase::k60::Gpi*>::_Maybe_unary_or_binary_function()
 .text._ZNSt8functionIFvPN7libbase3k603GpiEEEC2Ev
                0x00007b70       0x20 C:\Users\WONG\git\libsccc\lib\libsccc-d-vcan-fx15dev.a(button-d-vcan-fx15dev.o)
                0x00007b70                std::function<void (libbase::k60::Gpi*)>::function()
                0x00007b70                std::function<void (libbase::k60::Gpi*)>::function()
 .text._ZNSt6bitsetILj6EE3setEjb
                0x00007b90       0x34 C:\Users\WONG\git\libsccc\lib\libsccc-d-vcan-fx15dev.a(button-d-vcan-fx15dev.o)
                0x00007b90                std::bitset<6u>::set(unsigned int, bool)
 .text._ZNKSt8functionIFvPN7libbase3k603GpiEEEcvbEv
                0x00007bc4       0x20 C:\Users\WONG\git\libsccc\lib\libsccc-d-vcan-fx15dev.a(button-d-vcan-fx15dev.o)
                0x00007bc4                std::function<void (libbase::k60::Gpi*)>::operator bool() const
 .text._ZNSt8functionIFvPN7libbase3k603GpiEEEaSERKS5_
                0x00007be4       0x38 C:\Users\WONG\git\libsccc\lib\libsccc-d-vcan-fx15dev.a(button-d-vcan-fx15dev.o)
                0x00007be4                std::function<void (libbase::k60::Gpi*)>::operator=(std::function<void (libbase::k60::Gpi*)> const&)
 .text._ZNKSt8functionIFvhEEcvbEv
                0x00007c1c       0x20 C:\Users\WONG\git\libsccc\lib\libsccc-d-vcan-fx15dev.a(button-d-vcan-fx15dev.o)
                0x00007c1c                std::function<void (unsigned char)>::operator bool() const
 .text._ZNSt8functionIFvhEEC2ERKS1_
                0x00007c3c       0x50 C:\Users\WONG\git\libsccc\lib\libsccc-d-vcan-fx15dev.a(button-d-vcan-fx15dev.o)
                0x00007c3c                std::function<void (unsigned char)>::function(std::function<void (unsigned char)> const&)
                0x00007c3c                std::function<void (unsigned char)>::function(std::function<void (unsigned char)> const&)
 .text._ZNKSt8functionIFvhEEclEh
                0x00007c8c       0x3c C:\Users\WONG\git\libsccc\lib\libsccc-d-vcan-fx15dev.a(button-d-vcan-fx15dev.o)
                0x00007c8c                std::function<void (unsigned char)>::operator()(unsigned char) const
 .text._ZSt7forwardIZN5libsc6ButtonC1ERKNS1_6ConfigEEUlPN7libbase3k603GpiEE_EOT_RNSt16remove_referenceISA_E4typeE
                0x00007cc8       0x18 C:\Users\WONG\git\libsccc\lib\libsccc-d-vcan-fx15dev.a(button-d-vcan-fx15dev.o)
 .text._ZZN5libsc6ButtonC1ERKNS0_6ConfigEENUlPN7libbase3k603GpiEE_C2EOS8_
                0x00007ce0       0x28 C:\Users\WONG\git\libsccc\lib\libsccc-d-vcan-fx15dev.a(button-d-vcan-fx15dev.o)
 .text._ZNSt8functionIFvPN7libbase3k603GpiEEEaSIZN5libsc6ButtonC1ERKNS8_6ConfigEEUlS3_E_EENSt9enable_ifIXsrSt6__and_IISt6__not_ISt7is_sameINSt5decayIT_E4typeES5_EESt5__or_IISt7is_voidIvESt14is_convertibleIDTclcl18__callable_functorcl7declvalIRSK_EEEcl7declvalIS3_EEEEvEEEEE5valueERS5_E4typeEOSI_
                0x00007d08       0x58 C:\Users\WONG\git\libsccc\lib\libsccc-d-vcan-fx15dev.a(button-d-vcan-fx15dev.o)
 .text._ZNSt6bitsetILj6EE14_Unchecked_setEji
                0x00007d60       0x54 C:\Users\WONG\git\libsccc\lib\libsccc-d-vcan-fx15dev.a(button-d-vcan-fx15dev.o)
                0x00007d60                std::bitset<6u>::_Unchecked_set(unsigned int, int)
 .text._ZNSt8functionIFvPN7libbase3k603GpiEEEC2ERKS5_
                0x00007db4       0x50 C:\Users\WONG\git\libsccc\lib\libsccc-d-vcan-fx15dev.a(button-d-vcan-fx15dev.o)
                0x00007db4                std::function<void (libbase::k60::Gpi*)>::function(std::function<void (libbase::k60::Gpi*)> const&)
                0x00007db4                std::function<void (libbase::k60::Gpi*)>::function(std::function<void (libbase::k60::Gpi*)> const&)
 .text._ZNSt8functionIFvPN7libbase3k603GpiEEE4swapERS5_
                0x00007e04       0x40 C:\Users\WONG\git\libsccc\lib\libsccc-d-vcan-fx15dev.a(button-d-vcan-fx15dev.o)
                0x00007e04                std::function<void (libbase::k60::Gpi*)>::swap(std::function<void (libbase::k60::Gpi*)>&)
 .text._ZNSt8functionIFvhEEC2EOS1_
                0x00007e44       0x2c C:\Users\WONG\git\libsccc\lib\libsccc-d-vcan-fx15dev.a(button-d-vcan-fx15dev.o)
                0x00007e44                std::function<void (unsigned char)>::function(std::function<void (unsigned char)>&&)
                0x00007e44                std::function<void (unsigned char)>::function(std::function<void (unsigned char)>&&)
 .text._ZSt4moveIRZN5libsc6ButtonC1ERKNS1_6ConfigEEUlPN7libbase3k603GpiEE_EONSt16remove_referenceIT_E4typeEOSC_
                0x00007e70       0x18 C:\Users\WONG\git\libsccc\lib\libsccc-d-vcan-fx15dev.a(button-d-vcan-fx15dev.o)
 .text._ZNSt8functionIFvPN7libbase3k603GpiEEEC2IZN5libsc6ButtonC1ERKNS8_6ConfigEEUlS3_E_vEET_
                0x00007e88       0x54 C:\Users\WONG\git\libsccc\lib\libsccc-d-vcan-fx15dev.a(button-d-vcan-fx15dev.o)
 .text._ZSt4moveIRPFvRKSt9_Any_dataPN7libbase3k603GpiEEEONSt16remove_referenceIT_E4typeEOSB_
                0x00007edc       0x18 C:\Users\WONG\git\libsccc\lib\libsccc-d-vcan-fx15dev.a(button-d-vcan-fx15dev.o)
                0x00007edc                std::remove_reference<void (*&)(std::_Any_data const&, libbase::k60::Gpi*)>::type&& std::move<void (*&)(std::_Any_data const&, libbase::k60::Gpi*)>(void (*&)(std::_Any_data const&, libbase::k60::Gpi*))
 .text._ZSt4swapIPFvRKSt9_Any_dataPN7libbase3k603GpiEEEvRT_SA_
                0x00007ef4       0x3c C:\Users\WONG\git\libsccc\lib\libsccc-d-vcan-fx15dev.a(button-d-vcan-fx15dev.o)
                0x00007ef4                void std::swap<void (*)(std::_Any_data const&, libbase::k60::Gpi*)>(void (*&)(std::_Any_data const&, libbase::k60::Gpi*), void (*&)(std::_Any_data const&, libbase::k60::Gpi*))
 .text._ZNSt14_Function_base13_Base_managerIZN5libsc6ButtonC1ERKNS2_6ConfigEEUlPN7libbase3k603GpiEE_E21_M_not_empty_functionISA_EEbRKT_
                0x00007f30       0x18 C:\Users\WONG\git\libsccc\lib\libsccc-d-vcan-fx15dev.a(button-d-vcan-fx15dev.o)
 .text._ZNSt14_Function_base13_Base_managerIZN5libsc6ButtonC1ERKNS2_6ConfigEEUlPN7libbase3k603GpiEE_E15_M_init_functorERSt9_Any_dataOSA_
                0x00007f48       0x24 C:\Users\WONG\git\libsccc\lib\libsccc-d-vcan-fx15dev.a(button-d-vcan-fx15dev.o)
 .text._ZSt7forwardIPN7libbase3k603GpiEEOT_RNSt16remove_referenceIS4_E4typeE
                0x00007f6c       0x18 C:\Users\WONG\git\libsccc\lib\libsccc-d-vcan-fx15dev.a(button-d-vcan-fx15dev.o)
                0x00007f6c                libbase::k60::Gpi*&& std::forward<libbase::k60::Gpi*>(std::remove_reference<libbase::k60::Gpi*>::type&)
 .text._ZNSt17_Function_handlerIFvPN7libbase3k603GpiEEZN5libsc6ButtonC1ERKNS6_6ConfigEEUlS3_E_E9_M_invokeERKSt9_Any_dataS3_
                0x00007f84       0x2c C:\Users\WONG\git\libsccc\lib\libsccc-d-vcan-fx15dev.a(button-d-vcan-fx15dev.o)
 .text._ZNSt14_Function_base13_Base_managerIZN5libsc6ButtonC1ERKNS2_6ConfigEEUlPN7libbase3k603GpiEE_E10_M_managerERSt9_Any_dataRKSC_St18_Manager_operation
                0x00007fb0       0x50 C:\Users\WONG\git\libsccc\lib\libsccc-d-vcan-fx15dev.a(button-d-vcan-fx15dev.o)
 .text._ZNSt14_Function_base13_Base_managerIZN5libsc6ButtonC1ERKNS2_6ConfigEEUlPN7libbase3k603GpiEE_E15_M_init_functorERSt9_Any_dataOSA_St17integral_constantIbLb0EE
                0x00008000       0x34 C:\Users\WONG\git\libsccc\lib\libsccc-d-vcan-fx15dev.a(button-d-vcan-fx15dev.o)
 .text._ZNSt14_Function_base13_Base_managerIZN5libsc6ButtonC1ERKNS2_6ConfigEEUlPN7libbase3k603GpiEE_E14_M_get_pointerERKSt9_Any_data
                0x00008034       0x20 C:\Users\WONG\git\libsccc\lib\libsccc-d-vcan-fx15dev.a(button-d-vcan-fx15dev.o)
 .text._ZNSt9_Any_data9_M_accessIPZN5libsc6ButtonC1ERKNS2_6ConfigEEUlPN7libbase3k603GpiEE_EERT_v
                0x00008054       0x18 C:\Users\WONG\git\libsccc\lib\libsccc-d-vcan-fx15dev.a(button-d-vcan-fx15dev.o)
 .text._ZZN5libsc6ButtonC1ERKNS0_6ConfigEENUlPN7libbase3k603GpiEE_C2ERKS8_
                0x0000806c       0x28 C:\Users\WONG\git\libsccc\lib\libsccc-d-vcan-fx15dev.a(button-d-vcan-fx15dev.o)
 .text._ZNSt14_Function_base13_Base_managerIZN5libsc6ButtonC1ERKNS2_6ConfigEEUlPN7libbase3k603GpiEE_E8_M_cloneERSt9_Any_dataRKSC_St17integral_constantIbLb0EE
                0x00008094       0x38 C:\Users\WONG\git\libsccc\lib\libsccc-d-vcan-fx15dev.a(button-d-vcan-fx15dev.o)
 .text._ZNSt14_Function_base13_Base_managerIZN5libsc6ButtonC1ERKNS2_6ConfigEEUlPN7libbase3k603GpiEE_E10_M_destroyERSt9_Any_dataSt17integral_constantIbLb0EE
                0x000080cc       0x2c C:\Users\WONG\git\libsccc\lib\libsccc-d-vcan-fx15dev.a(button-d-vcan-fx15dev.o)
 .text._ZNKSt9_Any_data9_M_accessIPZN5libsc6ButtonC1ERKNS2_6ConfigEEUlPN7libbase3k603GpiEE_EERKT_v
                0x000080f8       0x18 C:\Users\WONG\git\libsccc\lib\libsccc-d-vcan-fx15dev.a(button-d-vcan-fx15dev.o)
 .text._ZN5libsc12_GLOBAL__N_16GetPinEh
                0x00008110       0x58 C:\Users\WONG\git\libsccc\lib\libsccc-d-vcan-fx15dev.a(led-d-vcan-fx15dev.o)
 .text._ZN7libbase3k603Gpo6ConfigC2Ev
                0x00008168       0x24 C:\Users\WONG\git\libsccc\lib\libsccc-d-vcan-fx15dev.a(led-d-vcan-fx15dev.o)
                0x00008168                libbase::k60::Gpo::Config::Config()
                0x00008168                libbase::k60::Gpo::Config::Config()
 .text._ZN5libsc12_GLOBAL__N_112GetGpoConfigERKNS_3Led6ConfigE
                0x0000818c       0x34 C:\Users\WONG\git\libsccc\lib\libsccc-d-vcan-fx15dev.a(led-d-vcan-fx15dev.o)
 .text._ZN5libsc3LedC2ERKNS0_6ConfigE
                0x000081c0       0x38 C:\Users\WONG\git\libsccc\lib\libsccc-d-vcan-fx15dev.a(led-d-vcan-fx15dev.o)
                0x000081c0                libsc::Led::Led(libsc::Led::Config const&)
                0x000081c0                libsc::Led::Led(libsc::Led::Config const&)
 .text._ZN5libsc3Led6SwitchEv
                0x000081f8       0x18 C:\Users\WONG\git\libsccc\lib\libsccc-d-vcan-fx15dev.a(led-d-vcan-fx15dev.o)
                0x000081f8                libsc::Led::Switch()
 .text._ZN7libbase3k605Cache3GetEv
                0x00008210       0x40 C:\Users\WONG\git\libsccc\lib\libsccc-d-vcan-fx15dev.a(system-d-vcan-fx15dev.o)
                0x00008210                libbase::k60::Cache::Get()
 .text._ZN5libsc5DelayD2Ev
                0x00008250       0x28 C:\Users\WONG\git\libsccc\lib\libsccc-d-vcan-fx15dev.a(system-d-vcan-fx15dev.o)
                0x00008250                libsc::Delay::~Delay()
                0x00008250                libsc::Delay::~Delay()
 .text._ZN5libsc5DelayD0Ev
                0x00008278       0x20 C:\Users\WONG\git\libsccc\lib\libsccc-d-vcan-fx15dev.a(system-d-vcan-fx15dev.o)
                0x00008278                libsc::Delay::~Delay()
 .text._ZN5libsc5Delay7DelayMsEt
                0x00008298       0x38 C:\Users\WONG\git\libsccc\lib\libsccc-d-vcan-fx15dev.a(system-d-vcan-fx15dev.o)
                0x00008298                libsc::Delay::DelayMs(unsigned short)
 .text._ZN5libsc5Delay6DelaySEt
                0x000082d0       0x38 C:\Users\WONG\git\libsccc\lib\libsccc-d-vcan-fx15dev.a(system-d-vcan-fx15dev.o)
                0x000082d0                libsc::Delay::DelayS(unsigned short)
 .text._ZN5libsc3k608DwtDelay7DelayUsEt
                0x00008308       0x1c C:\Users\WONG\git\libsccc\lib\libsccc-d-vcan-fx15dev.a(system-d-vcan-fx15dev.o)
                0x00008308                libsc::k60::DwtDelay::DelayUs(unsigned short)
 .text._ZN5libsc12SysTickTimer4TimeEv
                0x00008324       0x18 C:\Users\WONG\git\libsccc\lib\libsccc-d-vcan-fx15dev.a(system-d-vcan-fx15dev.o)
                0x00008324                libsc::SysTickTimer::Time()
 .text._ZN5libsc6System4ImplC2Ev
                0x0000833c       0x3c C:\Users\WONG\git\libsccc\lib\libsccc-d-vcan-fx15dev.a(system-d-vcan-fx15dev.o)
                0x0000833c                libsc::System::Impl::Impl()
                0x0000833c                libsc::System::Impl::Impl()
 .text._ZN5libsc6System4InitEv
                0x00008378       0x24 C:\Users\WONG\git\libsccc\lib\libsccc-d-vcan-fx15dev.a(system-d-vcan-fx15dev.o)
                0x00008378                libsc::System::Init()
 .text._ZN5libsc3k608DwtDelayD2Ev
                0x0000839c       0x30 C:\Users\WONG\git\libsccc\lib\libsccc-d-vcan-fx15dev.a(system-d-vcan-fx15dev.o)
                0x0000839c                libsc::k60::DwtDelay::~DwtDelay()
                0x0000839c                libsc::k60::DwtDelay::~DwtDelay()
 .text._ZN5libsc3k608DwtDelayD0Ev
                0x000083cc       0x20 C:\Users\WONG\git\libsccc\lib\libsccc-d-vcan-fx15dev.a(system-d-vcan-fx15dev.o)
                0x000083cc                libsc::k60::DwtDelay::~DwtDelay()
 .text.__assert_func
                0x000083ec       0x48 C:\Users\WONG\git\libsccc\lib\libsccc-d-vcan-fx15dev.a(assert-d-vcan-fx15dev.o)
                0x000083ec                __assert_func
 .text._exit    0x00008434        0xc C:\Users\WONG\git\libsccc\lib\libsccc-d-vcan-fx15dev.a(syscall-d-vcan-fx15dev.o)
                0x00008434                _exit
 .text._open    0x00008440       0x1c C:\Users\WONG\git\libsccc\lib\libsccc-d-vcan-fx15dev.a(syscall-d-vcan-fx15dev.o)
                0x00008440                _open
 .text._fstat   0x0000845c       0x20 C:\Users\WONG\git\libsccc\lib\libsccc-d-vcan-fx15dev.a(syscall-d-vcan-fx15dev.o)
                0x0000845c                _fstat
 .text._isatty  0x0000847c       0x18 C:\Users\WONG\git\libsccc\lib\libsccc-d-vcan-fx15dev.a(syscall-d-vcan-fx15dev.o)
                0x0000847c                _isatty
 .text._lseek   0x00008494       0x1c C:\Users\WONG\git\libsccc\lib\libsccc-d-vcan-fx15dev.a(syscall-d-vcan-fx15dev.o)
                0x00008494                _lseek
 .text._read    0x000084b0       0x1c C:\Users\WONG\git\libsccc\lib\libsccc-d-vcan-fx15dev.a(syscall-d-vcan-fx15dev.o)
                0x000084b0                _read
 .text._write   0x000084cc       0x34 C:\Users\WONG\git\libsccc\lib\libsccc-d-vcan-fx15dev.a(syscall-d-vcan-fx15dev.o)
                0x000084cc                _write
 .text._close   0x00008500       0x18 C:\Users\WONG\git\libsccc\lib\libsccc-d-vcan-fx15dev.a(syscall-d-vcan-fx15dev.o)
                0x00008500                _close
 .text._link    0x00008518       0x1c C:\Users\WONG\git\libsccc\lib\libsccc-d-vcan-fx15dev.a(syscall-d-vcan-fx15dev.o)
                0x00008518                _link
 .text._unlink  0x00008534       0x18 C:\Users\WONG\git\libsccc\lib\libsccc-d-vcan-fx15dev.a(syscall-d-vcan-fx15dev.o)
                0x00008534                _unlink
 .text._sbrk    0x0000854c       0x68 C:\Users\WONG\git\libsccc\lib\libsccc-d-vcan-fx15dev.a(syscall-d-vcan-fx15dev.o)
                0x0000854c                _sbrk
 .text._getpid  0x000085b4       0x10 C:\Users\WONG\git\libsccc\lib\libsccc-d-vcan-fx15dev.a(syscall-d-vcan-fx15dev.o)
                0x000085b4                _getpid
 .text._kill    0x000085c4       0x24 C:\Users\WONG\git\libsccc\lib\libsccc-d-vcan-fx15dev.a(syscall-d-vcan-fx15dev.o)
                0x000085c4                _kill
 .text.KeepSyscallSymbols
                0x000085e8       0x84 C:\Users\WONG\git\libsccc\lib\libsccc-d-vcan-fx15dev.a(syscall-d-vcan-fx15dev.o)
                0x000085e8                KeepSyscallSymbols
 .text.NVIC_EnableIRQ
                0x0000866c       0x30 C:\Users\WONG\git\libsccc\lib\libsccc-d-vcan-fx15dev.a(vectors-d-vcan-fx15dev.o)
 .text.NVIC_DisableIRQ
                0x0000869c       0x34 C:\Users\WONG\git\libsccc\lib\libsccc-d-vcan-fx15dev.a(vectors-d-vcan-fx15dev.o)
 .text.NVIC_SetPriority
                0x000086d0       0x54 C:\Users\WONG\git\libsccc\lib\libsccc-d-vcan-fx15dev.a(vectors-d-vcan-fx15dev.o)
 .text.InitVectorTable
                0x00008724       0x70 C:\Users\WONG\git\libsccc\lib\libsccc-d-vcan-fx15dev.a(vectors-d-vcan-fx15dev.o)
                0x00008724                InitVectorTable
 .text.InitIrqPriority
                0x00008794       0x2c C:\Users\WONG\git\libsccc\lib\libsccc-d-vcan-fx15dev.a(vectors-d-vcan-fx15dev.o)
                0x00008794                InitIrqPriority
 .text.SetIsr   0x000087c0       0x38 C:\Users\WONG\git\libsccc\lib\libsccc-d-vcan-fx15dev.a(vectors-d-vcan-fx15dev.o)
                0x000087c0                SetIsr
 .text.EnableIrq
                0x000087f8       0x1c C:\Users\WONG\git\libsccc\lib\libsccc-d-vcan-fx15dev.a(vectors-d-vcan-fx15dev.o)
                0x000087f8                EnableIrq
 .text.DisableIrq
                0x00008814       0x1c C:\Users\WONG\git\libsccc\lib\libsccc-d-vcan-fx15dev.a(vectors-d-vcan-fx15dev.o)
                0x00008814                DisableIrq
 .text.DefaultIsr
                0x00008830       0x30 C:\Users\WONG\git\libsccc\lib\libsccc-d-vcan-fx15dev.a(vectors-d-vcan-fx15dev.o)
                0x00008830                DefaultIsr
 .text.HardFaultHandlerAsm
                0x00008860       0x1c C:\Users\WONG\git\libsccc\lib\libsccc-d-vcan-fx15dev.a(vectors-d-vcan-fx15dev.o)
                0x00008860                HardFaultHandlerAsm
 .text.HardFaultHandlerC
                0x0000887c       0x90 C:\Users\WONG\git\libsccc\lib\libsccc-d-vcan-fx15dev.a(vectors-d-vcan-fx15dev.o)
                0x0000887c                HardFaultHandlerC
 .text._ZN7libbase3k605CacheC2Ev
                0x0000890c       0x1c C:\Users\WONG\git\libsccc\lib\libsccc-d-vcan-fx15dev.a(cache-d-vcan-fx15dev.o)
                0x0000890c                libbase::k60::Cache::Cache()
                0x0000890c                libbase::k60::Cache::Cache()
 .text._ZN7libbase3k605Cache4InitERKNS1_6ConfigE
                0x00008928       0x4c C:\Users\WONG\git\libsccc\lib\libsccc-d-vcan-fx15dev.a(cache-d-vcan-fx15dev.o)
                0x00008928                libbase::k60::Cache::Init(libbase::k60::Cache::Config const&)
 .text._ZN7libbase3k605Cache6InitPcEv
                0x00008974       0x50 C:\Users\WONG\git\libsccc\lib\libsccc-d-vcan-fx15dev.a(cache-d-vcan-fx15dev.o)
                0x00008974                libbase::k60::Cache::InitPc()
 .text._ZN7libbase3k605Cache6InitPsEv
                0x000089c4       0x58 C:\Users\WONG\git\libsccc\lib\libsccc-d-vcan-fx15dev.a(cache-d-vcan-fx15dev.o)
                0x000089c4                libbase::k60::Cache::InitPs()
 .text._ZN7libbase3k6010ClockUtils16GetCoreTickPerUsEv
                0x00008a1c       0x10 C:\Users\WONG\git\libsccc\lib\libsccc-d-vcan-fx15dev.a(dwt-d-vcan-fx15dev.o)
                0x00008a1c                libbase::k60::ClockUtils::GetCoreTickPerUs()
 .text._ZN7libbase3k6010ClockUtils16GetCoreTickPerUsEj
                0x00008a2c       0x1c C:\Users\WONG\git\libsccc\lib\libsccc-d-vcan-fx15dev.a(dwt-d-vcan-fx15dev.o)
                0x00008a2c                libbase::k60::ClockUtils::GetCoreTickPerUs(unsigned int)
 .text._ZN7libbase3k603Dwt7DelayUsEt
                0x00008a48       0xb4 C:\Users\WONG\git\libsccc\lib\libsccc-d-vcan-fx15dev.a(dwt-d-vcan-fx15dev.o)
                0x00008a48                libbase::k60::Dwt::DelayUs(unsigned short)
 .text._ZNSt12_Base_bitsetILj1EEC2Ey
                0x00008afc       0x20 C:\Users\WONG\git\libsccc\lib\libsccc-d-vcan-fx15dev.a(gpio-d-vcan-fx15dev.o)
                0x00008afc                std::_Base_bitset<1u>::_Base_bitset(unsigned long long)
                0x00008afc                std::_Base_bitset<1u>::_Base_bitset(unsigned long long)
 .text._ZNSt13_Sanitize_valILj6ELb1EE18_S_do_sanitize_valEy
                0x00008b1c       0x2c C:\Users\WONG\git\libsccc\lib\libsccc-d-vcan-fx15dev.a(gpio-d-vcan-fx15dev.o)
                0x00008b1c                std::_Sanitize_val<6u, true>::_S_do_sanitize_val(unsigned long long)
 .text._ZNSt6bitsetILj6EEC1Ey
                0x00008b48       0x2c C:\Users\WONG\git\libsccc\lib\libsccc-d-vcan-fx15dev.a(gpio-d-vcan-fx15dev.o)
                0x00008b48                std::bitset<6u>::bitset(unsigned long long)
 .text._ZNK7libbase3k603PincvbEv
                0x00008b74       0x24 C:\Users\WONG\git\libsccc\lib\libsccc-d-vcan-fx15dev.a(gpio-d-vcan-fx15dev.o)
                0x00008b74                libbase::k60::Pin::operator bool() const
 .text._ZNK7libbase3k603Pin7GetNameEv
                0x00008b98       0x18 C:\Users\WONG\git\libsccc\lib\libsccc-d-vcan-fx15dev.a(gpio-d-vcan-fx15dev.o)
                0x00008b98                libbase::k60::Pin::GetName() const
 .text._ZNK7libbase3k603GpicvbEv
                0x00008bb0       0x1c C:\Users\WONG\git\libsccc\lib\libsccc-d-vcan-fx15dev.a(gpio-d-vcan-fx15dev.o)
                0x00008bb0                libbase::k60::Gpi::operator bool() const
 .text._ZNK7libbase3k603GpocvbEv
                0x00008bcc       0x1c C:\Users\WONG\git\libsccc\lib\libsccc-d-vcan-fx15dev.a(gpio-d-vcan-fx15dev.o)
                0x00008bcc                libbase::k60::Gpo::operator bool() const
 .text._ZN7libbase3k6014Mk60f15Lqfp14415GetPortPinCountEv
                0x00008be8       0x10 C:\Users\WONG\git\libsccc\lib\libsccc-d-vcan-fx15dev.a(gpio-d-vcan-fx15dev.o)
                0x00008be8                libbase::k60::Mk60f15Lqfp144::GetPortPinCount()
 .text._ZNSt8functionIFvN7libbase3k603Pin4NameEEED2Ev
                0x00008bf8       0x1c C:\Users\WONG\git\libsccc\lib\libsccc-d-vcan-fx15dev.a(gpio-d-vcan-fx15dev.o)
                0x00008bf8                std::function<void (libbase::k60::Pin::Name)>::~function()
                0x00008bf8                std::function<void (libbase::k60::Pin::Name)>::~function()
 .text._ZN7libbase3k6013PinIsrManager9SetPinIsrEPNS0_3PinERKSt8functionIFvNS2_4NameEEE
                0x00008c14       0x20 C:\Users\WONG\git\libsccc\lib\libsccc-d-vcan-fx15dev.a(gpio-d-vcan-fx15dev.o)
                0x00008c14                libbase::k60::PinIsrManager::SetPinIsr(libbase::k60::Pin*, std::function<void (libbase::k60::Pin::Name)> const&)
 .text._ZN7libbase3k608PinUtils7GetPortENS0_3Pin4NameE
                0x00008c34       0x1c C:\Users\WONG\git\libsccc\lib\libsccc-d-vcan-fx15dev.a(gpio-d-vcan-fx15dev.o)
                0x00008c34                libbase::k60::PinUtils::GetPort(libbase::k60::Pin::Name)
 .text._ZN7libbase3k608PinUtils12GetPinNumberENS0_3Pin4NameE
                0x00008c50       0x24 C:\Users\WONG\git\libsccc\lib\libsccc-d-vcan-fx15dev.a(gpio-d-vcan-fx15dev.o)
                0x00008c50                libbase::k60::PinUtils::GetPinNumber(libbase::k60::Pin::Name)
 .text._ZN7libbase3k603Pin6ConfigC2Ev
                0x00008c74       0x2c C:\Users\WONG\git\libsccc\lib\libsccc-d-vcan-fx15dev.a(gpio-d-vcan-fx15dev.o)
                0x00008c74                libbase::k60::Pin::Config::Config()
                0x00008c74                libbase::k60::Pin::Config::Config()
 .text._ZN7libbase3k6012_GLOBAL__N_112GetPinConfigERKNS0_3Gpi6ConfigE
                0x00008ca0       0x38 C:\Users\WONG\git\libsccc\lib\libsccc-d-vcan-fx15dev.a(gpio-d-vcan-fx15dev.o)
 .text._ZN7libbase3k6012_GLOBAL__N_112GetPinConfigERKNS0_3Gpo6ConfigE
                0x00008cd8       0x30 C:\Users\WONG\git\libsccc\lib\libsccc-d-vcan-fx15dev.a(gpio-d-vcan-fx15dev.o)
 .text._ZN7libbase3k603GpiC2ERKNS1_6ConfigE
                0x00008d08       0x84 C:\Users\WONG\git\libsccc\lib\libsccc-d-vcan-fx15dev.a(gpio-d-vcan-fx15dev.o)
                0x00008d08                libbase::k60::Gpi::Gpi(libbase::k60::Gpi::Config const&)
                0x00008d08                libbase::k60::Gpi::Gpi(libbase::k60::Gpi::Config const&)
 .text._ZSt4moveIRN7libbase3k603PinEEONSt16remove_referenceIT_E4typeEOS5_
                0x00008d8c       0x18 C:\Users\WONG\git\libsccc\lib\libsccc-d-vcan-fx15dev.a(gpio-d-vcan-fx15dev.o)
                0x00008d8c                std::remove_reference<libbase::k60::Pin&>::type&& std::move<libbase::k60::Pin&>(libbase::k60::Pin&)
 .text._ZN7libbase3k603GpiC2EDn
                0x00008da4       0x28 C:\Users\WONG\git\libsccc\lib\libsccc-d-vcan-fx15dev.a(gpio-d-vcan-fx15dev.o)
                0x00008da4                libbase::k60::Gpi::Gpi(decltype(nullptr))
                0x00008da4                libbase::k60::Gpi::Gpi(decltype(nullptr))
 .text._ZN7libbase3k603GpiD2Ev
                0x00008dcc       0x2c C:\Users\WONG\git\libsccc\lib\libsccc-d-vcan-fx15dev.a(gpio-d-vcan-fx15dev.o)
                0x00008dcc                libbase::k60::Gpi::~Gpi()
                0x00008dcc                libbase::k60::Gpi::~Gpi()
 .text._ZN7libbase3k603GpiaSEOS1_
                0x00008df8       0x8c C:\Users\WONG\git\libsccc\lib\libsccc-d-vcan-fx15dev.a(gpio-d-vcan-fx15dev.o)
                0x00008df8                libbase::k60::Gpi::operator=(libbase::k60::Gpi&&)
 .text._ZN7libbase3k603Gpi6UninitEv
                0x00008e84       0x64 C:\Users\WONG\git\libsccc\lib\libsccc-d-vcan-fx15dev.a(gpio-d-vcan-fx15dev.o)
                0x00008e84                libbase::k60::Gpi::Uninit()
 .text._ZZN7libbase3k603Gpi6SetIsrERKSt8functionIFvPS1_EEENKUlNS0_3Pin4NameEE_clES9_
                0x00008ee8       0x24 C:\Users\WONG\git\libsccc\lib\libsccc-d-vcan-fx15dev.a(gpio-d-vcan-fx15dev.o)
 .text._ZN7libbase3k603Gpi6SetIsrERKSt8functionIFvPS1_EE
                0x00008f0c       0x88 C:\Users\WONG\git\libsccc\lib\libsccc-d-vcan-fx15dev.a(gpio-d-vcan-fx15dev.o)
                0x00008f0c                libbase::k60::Gpi::SetIsr(std::function<void (libbase::k60::Gpi*)> const&)
 .text._ZN7libbase3k603GpoC2ERKNS1_6ConfigE
                0x00008f94       0x78 C:\Users\WONG\git\libsccc\lib\libsccc-d-vcan-fx15dev.a(gpio-d-vcan-fx15dev.o)
                0x00008f94                libbase::k60::Gpo::Gpo(libbase::k60::Gpo::Config const&)
                0x00008f94                libbase::k60::Gpo::Gpo(libbase::k60::Gpo::Config const&)
 .text._ZN7libbase3k603Gpo3SetEb
                0x0000900c       0xb0 C:\Users\WONG\git\libsccc\lib\libsccc-d-vcan-fx15dev.a(gpio-d-vcan-fx15dev.o)
                0x0000900c                libbase::k60::Gpo::Set(bool)
 .text._ZN7libbase3k603Gpo4TurnEv
                0x000090bc       0x6c C:\Users\WONG\git\libsccc\lib\libsccc-d-vcan-fx15dev.a(gpio-d-vcan-fx15dev.o)
                0x000090bc                libbase::k60::Gpo::Turn()
 .text._ZNSt14unary_functionIN7libbase3k603Pin4NameEvEC2Ev
                0x00009128       0x18 C:\Users\WONG\git\libsccc\lib\libsccc-d-vcan-fx15dev.a(gpio-d-vcan-fx15dev.o)
                0x00009128                std::unary_function<libbase::k60::Pin::Name, void>::unary_function()
                0x00009128                std::unary_function<libbase::k60::Pin::Name, void>::unary_function()
 .text._ZNSt31_Maybe_unary_or_binary_functionIvIN7libbase3k603Pin4NameEEEC2Ev
                0x00009140       0x18 C:\Users\WONG\git\libsccc\lib\libsccc-d-vcan-fx15dev.a(gpio-d-vcan-fx15dev.o)
                0x00009140                std::_Maybe_unary_or_binary_function<void, libbase::k60::Pin::Name>::_Maybe_unary_or_binary_function()
                0x00009140                std::_Maybe_unary_or_binary_function<void, libbase::k60::Pin::Name>::_Maybe_unary_or_binary_function()
                0x00009140                std::_Maybe_unary_or_binary_function<void, libbase::k60::Pin::Name>::_Maybe_unary_or_binary_function()
                0x00009140                std::_Maybe_unary_or_binary_function<void, libbase::k60::Pin::Name>::_Maybe_unary_or_binary_function()
 .text._ZNSt8functionIFvN7libbase3k603Pin4NameEEEC2EDn
                0x00009158       0x24 C:\Users\WONG\git\libsccc\lib\libsccc-d-vcan-fx15dev.a(gpio-d-vcan-fx15dev.o)
                0x00009158                std::function<void (libbase::k60::Pin::Name)>::function(decltype(nullptr))
                0x00009158                std::function<void (libbase::k60::Pin::Name)>::function(decltype(nullptr))
 .text._ZNSt8functionIFvPN7libbase3k603GpiEEEC2EDn
                0x0000917c       0x24 C:\Users\WONG\git\libsccc\lib\libsccc-d-vcan-fx15dev.a(gpio-d-vcan-fx15dev.o)
                0x0000917c                std::function<void (libbase::k60::Gpi*)>::function(decltype(nullptr))
                0x0000917c                std::function<void (libbase::k60::Gpi*)>::function(decltype(nullptr))
 .text._ZNKSt8functionIFvPN7libbase3k603GpiEEEclES3_
                0x000091a0       0x3c C:\Users\WONG\git\libsccc\lib\libsccc-d-vcan-fx15dev.a(gpio-d-vcan-fx15dev.o)
                0x000091a0                std::function<void (libbase::k60::Gpi*)>::operator()(libbase::k60::Gpi*) const
 .text._ZSt4moveIRZN7libbase3k603Gpi6SetIsrERKSt8functionIFvPS2_EEEUlNS1_3Pin4NameEE_EONSt16remove_referenceIT_E4typeEOSE_
                0x000091dc       0x18 C:\Users\WONG\git\libsccc\lib\libsccc-d-vcan-fx15dev.a(gpio-d-vcan-fx15dev.o)
 .text._ZNSt8functionIFvN7libbase3k603Pin4NameEEEC2IZNS1_3Gpi6SetIsrERKS_IFvPS7_EEEUlS3_E_vEET_
                0x000091f4       0x58 C:\Users\WONG\git\libsccc\lib\libsccc-d-vcan-fx15dev.a(gpio-d-vcan-fx15dev.o)
 .text._ZNSt14_Function_base13_Base_managerIZN7libbase3k603Gpi6SetIsrERKSt8functionIFvPS3_EEEUlNS2_3Pin4NameEE_E21_M_not_empty_functionISC_EEbRKT_
                0x0000924c       0x18 C:\Users\WONG\git\libsccc\lib\libsccc-d-vcan-fx15dev.a(gpio-d-vcan-fx15dev.o)
 .text._ZNSt14_Function_base13_Base_managerIZN7libbase3k603Gpi6SetIsrERKSt8functionIFvPS3_EEEUlNS2_3Pin4NameEE_E15_M_init_functorERSt9_Any_dataOSC_
                0x00009264       0x24 C:\Users\WONG\git\libsccc\lib\libsccc-d-vcan-fx15dev.a(gpio-d-vcan-fx15dev.o)
 .text._ZSt7forwardIN7libbase3k603Pin4NameEEOT_RNSt16remove_referenceIS4_E4typeE
                0x00009288       0x18 C:\Users\WONG\git\libsccc\lib\libsccc-d-vcan-fx15dev.a(gpio-d-vcan-fx15dev.o)
                0x00009288                libbase::k60::Pin::Name&& std::forward<libbase::k60::Pin::Name>(std::remove_reference<libbase::k60::Pin::Name>::type&)
 .text._ZNSt17_Function_handlerIFvN7libbase3k603Pin4NameEEZNS1_3Gpi6SetIsrERKSt8functionIFvPS5_EEEUlS3_E_E9_M_invokeERKSt9_Any_dataS3_
                0x000092a0       0x2c C:\Users\WONG\git\libsccc\lib\libsccc-d-vcan-fx15dev.a(gpio-d-vcan-fx15dev.o)
 .text._ZNSt14_Function_base13_Base_managerIZN7libbase3k603Gpi6SetIsrERKSt8functionIFvPS3_EEEUlNS2_3Pin4NameEE_E10_M_managerERSt9_Any_dataRKSE_St18_Manager_operation
                0x000092cc       0x50 C:\Users\WONG\git\libsccc\lib\libsccc-d-vcan-fx15dev.a(gpio-d-vcan-fx15dev.o)
 .text._ZNSt14_Function_base13_Base_managerIZN7libbase3k603Gpi6SetIsrERKSt8functionIFvPS3_EEEUlNS2_3Pin4NameEE_E15_M_init_functorERSt9_Any_dataOSC_St17integral_constantIbLb0EE
                0x0000931c       0x30 C:\Users\WONG\git\libsccc\lib\libsccc-d-vcan-fx15dev.a(gpio-d-vcan-fx15dev.o)
 .text._ZNSt14_Function_base13_Base_managerIZN7libbase3k603Gpi6SetIsrERKSt8functionIFvPS3_EEEUlNS2_3Pin4NameEE_E14_M_get_pointerERKSt9_Any_data
                0x0000934c       0x20 C:\Users\WONG\git\libsccc\lib\libsccc-d-vcan-fx15dev.a(gpio-d-vcan-fx15dev.o)
 .text._ZNSt9_Any_data9_M_accessIPZN7libbase3k603Gpi6SetIsrERKSt8functionIFvPS3_EEEUlNS2_3Pin4NameEE_EERT_v
                0x0000936c       0x18 C:\Users\WONG\git\libsccc\lib\libsccc-d-vcan-fx15dev.a(gpio-d-vcan-fx15dev.o)
 .text._ZNSt14_Function_base13_Base_managerIZN7libbase3k603Gpi6SetIsrERKSt8functionIFvPS3_EEEUlNS2_3Pin4NameEE_E8_M_cloneERSt9_Any_dataRKSE_St17integral_constantIbLb0EE
                0x00009384       0x34 C:\Users\WONG\git\libsccc\lib\libsccc-d-vcan-fx15dev.a(gpio-d-vcan-fx15dev.o)
 .text._ZNSt14_Function_base13_Base_managerIZN7libbase3k603Gpi6SetIsrERKSt8functionIFvPS3_EEEUlNS2_3Pin4NameEE_E10_M_destroyERSt9_Any_dataSt17integral_constantIbLb0EE
                0x000093b8       0x20 C:\Users\WONG\git\libsccc\lib\libsccc-d-vcan-fx15dev.a(gpio-d-vcan-fx15dev.o)
 .text._ZNKSt9_Any_data9_M_accessIPZN7libbase3k603Gpi6SetIsrERKSt8functionIFvPS3_EEEUlNS2_3Pin4NameEE_EERKT_v
                0x000093d8       0x18 C:\Users\WONG\git\libsccc\lib\libsccc-d-vcan-fx15dev.a(gpio-d-vcan-fx15dev.o)
 .text._ZNKSt12_Base_bitsetILj1EE10_M_getwordEj
                0x000093f0       0x1c C:\Users\WONG\git\libsccc\lib\libsccc-d-vcan-fx15dev.a(pin-d-vcan-fx15dev.o)
                0x000093f0                std::_Base_bitset<1u>::_M_getword(unsigned int) const
 .text._ZN7libbase3k6014Mk60f15Lqfp1446RegPinENS0_3Pin4NameE
                0x0000940c       0x20 C:\Users\WONG\git\libsccc\lib\libsccc-d-vcan-fx15dev.a(pin-d-vcan-fx15dev.o)
                0x0000940c                libbase::k60::Mk60f15Lqfp144::RegPin(libbase::k60::Pin::Name)
 .text._ZN7libbase3k6014Mk60f15Lqfp1448UnregPinENS0_3Pin4NameE
                0x0000942c       0x1c C:\Users\WONG\git\libsccc\lib\libsccc-d-vcan-fx15dev.a(pin-d-vcan-fx15dev.o)
                0x0000942c                libbase::k60::Mk60f15Lqfp144::UnregPin(libbase::k60::Pin::Name)
 .text._ZN7libbase3k6014Mk60f15Lqfp1443GetEv
                0x00009448       0x40 C:\Users\WONG\git\libsccc\lib\libsccc-d-vcan-fx15dev.a(pin-d-vcan-fx15dev.o)
                0x00009448                libbase::k60::Mk60f15Lqfp144::Get()
 .text._ZN7libbase3k6012_GLOBAL__N_115SetInterruptBitENS0_3Pin6Config9InterruptEPm
                0x00009488       0xb8 C:\Users\WONG\git\libsccc\lib\libsccc-d-vcan-fx15dev.a(pin-d-vcan-fx15dev.o)
 .text._ZNKSt6bitsetILj6EE15_Unchecked_testEj
                0x00009540       0x34 C:\Users\WONG\git\libsccc\lib\libsccc-d-vcan-fx15dev.a(pin-d-vcan-fx15dev.o)
                0x00009540                std::bitset<6u>::_Unchecked_test(unsigned int) const
 .text._ZNKSt6bitsetILj6EEixEj
                0x00009574       0x1c C:\Users\WONG\git\libsccc\lib\libsccc-d-vcan-fx15dev.a(pin-d-vcan-fx15dev.o)
                0x00009574                std::bitset<6u>::operator[](unsigned int) const
 .text._ZN7libbase3k603PinC2ERKNS1_6ConfigE
                0x00009590      0x1d4 C:\Users\WONG\git\libsccc\lib\libsccc-d-vcan-fx15dev.a(pin-d-vcan-fx15dev.o)
                0x00009590                libbase::k60::Pin::Pin(libbase::k60::Pin::Config const&)
                0x00009590                libbase::k60::Pin::Pin(libbase::k60::Pin::Config const&)
 .text._ZN7libbase3k603PinC2EDn
                0x00009764       0x20 C:\Users\WONG\git\libsccc\lib\libsccc-d-vcan-fx15dev.a(pin-d-vcan-fx15dev.o)
                0x00009764                libbase::k60::Pin::Pin(decltype(nullptr))
                0x00009764                libbase::k60::Pin::Pin(decltype(nullptr))
 .text._ZN7libbase3k603PinD2Ev
                0x00009784       0x18 C:\Users\WONG\git\libsccc\lib\libsccc-d-vcan-fx15dev.a(pin-d-vcan-fx15dev.o)
                0x00009784                libbase::k60::Pin::~Pin()
                0x00009784                libbase::k60::Pin::~Pin()
 .text._ZN7libbase3k603PinaSEOS1_
                0x0000979c       0x40 C:\Users\WONG\git\libsccc\lib\libsccc-d-vcan-fx15dev.a(pin-d-vcan-fx15dev.o)
                0x0000979c                libbase::k60::Pin::operator=(libbase::k60::Pin&&)
 .text._ZN7libbase3k603Pin6UninitEv
                0x000097dc       0x48 C:\Users\WONG\git\libsccc\lib\libsccc-d-vcan-fx15dev.a(pin-d-vcan-fx15dev.o)
                0x000097dc                libbase::k60::Pin::Uninit()
 .text._ZN7libbase3k603Pin20IsInterruptRequestedENS1_4NameE
                0x00009824       0x40 C:\Users\WONG\git\libsccc\lib\libsccc-d-vcan-fx15dev.a(pin-d-vcan-fx15dev.o)
                0x00009824                libbase::k60::Pin::IsInterruptRequested(libbase::k60::Pin::Name)
 .text._ZN7libbase3k603Pin16ConsumeInterruptENS1_4NameE
                0x00009864       0x3c C:\Users\WONG\git\libsccc\lib\libsccc-d-vcan-fx15dev.a(pin-d-vcan-fx15dev.o)
                0x00009864                libbase::k60::Pin::ConsumeInterrupt(libbase::k60::Pin::Name)
 .text._ZN7libutil11EnumAdvanceIN7libbase3k603Sim9ClockGateEjEET_S5_T0_
                0x000098a0       0x20 C:\Users\WONG\git\libsccc\lib\libsccc-d-vcan-fx15dev.a(pin-d-vcan-fx15dev.o)
                0x000098a0                libbase::k60::Sim::ClockGate libutil::EnumAdvance<libbase::k60::Sim::ClockGate, unsigned int>(libbase::k60::Sim::ClockGate, unsigned int)
 .text._ZN7libutil11EnumAdvanceIN7libbase3k603Sim9ClockGateEEET_S5_i
                0x000098c0       0x1c C:\Users\WONG\git\libsccc\lib\libsccc-d-vcan-fx15dev.a(pin-d-vcan-fx15dev.o)
                0x000098c0                libbase::k60::Sim::ClockGate libutil::EnumAdvance<libbase::k60::Sim::ClockGate>(libbase::k60::Sim::ClockGate, int)
 .text._ZN7libbase3k6014Mk60f15Lqfp14412GetPortCountEv
                0x000098dc       0x10 C:\Users\WONG\git\libsccc\lib\libsccc-d-vcan-fx15dev.a(pin_isr_manager-d-vcan-fx15dev.o)
                0x000098dc                libbase::k60::Mk60f15Lqfp144::GetPortCount()
 .text._ZN7libbase3k608PinUtils6GetPinEjj
                0x000098ec       0x24 C:\Users\WONG\git\libsccc\lib\libsccc-d-vcan-fx15dev.a(pin_isr_manager-d-vcan-fx15dev.o)
                0x000098ec                libbase::k60::PinUtils::GetPin(unsigned int, unsigned int)
 .text._ZN7libbase3k6013PinIsrManager11GetInstanceEv
                0x00009910       0x2c C:\Users\WONG\git\libsccc\lib\libsccc-d-vcan-fx15dev.a(pin_isr_manager-d-vcan-fx15dev.o)
                0x00009910                libbase::k60::PinIsrManager::GetInstance()
 .text._ZN7libbase3k6013PinIsrManagerC2Ev
                0x0000993c       0x4c C:\Users\WONG\git\libsccc\lib\libsccc-d-vcan-fx15dev.a(pin_isr_manager-d-vcan-fx15dev.o)
                0x0000993c                libbase::k60::PinIsrManager::PinIsrManager()
                0x0000993c                libbase::k60::PinIsrManager::PinIsrManager()
 .text._ZN7libbase3k6013PinIsrManager7PinDataC2Ev
                0x00009988       0x24 C:\Users\WONG\git\libsccc\lib\libsccc-d-vcan-fx15dev.a(pin_isr_manager-d-vcan-fx15dev.o)
                0x00009988                libbase::k60::PinIsrManager::PinData::PinData()
                0x00009988                libbase::k60::PinIsrManager::PinData::PinData()
 .text._ZN7libbase3k6013PinIsrManager8InitPortEj
                0x000099ac      0x118 C:\Users\WONG\git\libsccc\lib\libsccc-d-vcan-fx15dev.a(pin_isr_manager-d-vcan-fx15dev.o)
                0x000099ac                libbase::k60::PinIsrManager::InitPort(unsigned int)
 .text._ZN7libbase3k6013PinIsrManager10SetPinIsr_EPNS0_3PinERKSt8functionIFvNS2_4NameEEE
                0x00009ac4      0x168 C:\Users\WONG\git\libsccc\lib\libsccc-d-vcan-fx15dev.a(pin_isr_manager-d-vcan-fx15dev.o)
                0x00009ac4                libbase::k60::PinIsrManager::SetPinIsr_(libbase::k60::Pin*, std::function<void (libbase::k60::Pin::Name)> const&)
 .text._ZN7libutil11EnumAdvanceI4IRQnjEET_S2_T0_
                0x00009c2c       0x24 C:\Users\WONG\git\libsccc\lib\libsccc-d-vcan-fx15dev.a(pin_isr_manager-d-vcan-fx15dev.o)
                0x00009c2c                IRQn libutil::EnumAdvance<IRQn, unsigned int>(IRQn, unsigned int)
 .text._ZN7libbase3k6013PinIsrManager14PortIrqHandlerILj0EEEvv
                0x00009c50       0xb4 C:\Users\WONG\git\libsccc\lib\libsccc-d-vcan-fx15dev.a(pin_isr_manager-d-vcan-fx15dev.o)
                0x00009c50                void libbase::k60::PinIsrManager::PortIrqHandler<0u>()
 .text._ZN7libbase3k6013PinIsrManager14PortIrqHandlerILj1EEEvv
                0x00009d04       0xb4 C:\Users\WONG\git\libsccc\lib\libsccc-d-vcan-fx15dev.a(pin_isr_manager-d-vcan-fx15dev.o)
                0x00009d04                void libbase::k60::PinIsrManager::PortIrqHandler<1u>()
 .text._ZN7libbase3k6013PinIsrManager14PortIrqHandlerILj2EEEvv
                0x00009db8       0xb4 C:\Users\WONG\git\libsccc\lib\libsccc-d-vcan-fx15dev.a(pin_isr_manager-d-vcan-fx15dev.o)
                0x00009db8                void libbase::k60::PinIsrManager::PortIrqHandler<2u>()
 .text._ZN7libbase3k6013PinIsrManager14PortIrqHandlerILj3EEEvv
                0x00009e6c       0xb4 C:\Users\WONG\git\libsccc\lib\libsccc-d-vcan-fx15dev.a(pin_isr_manager-d-vcan-fx15dev.o)
                0x00009e6c                void libbase::k60::PinIsrManager::PortIrqHandler<3u>()
 .text._ZN7libbase3k6013PinIsrManager14PortIrqHandlerILj4EEEvv
                0x00009f20       0xb4 C:\Users\WONG\git\libsccc\lib\libsccc-d-vcan-fx15dev.a(pin_isr_manager-d-vcan-fx15dev.o)
                0x00009f20                void libbase::k60::PinIsrManager::PortIrqHandler<4u>()
 .text._ZNKSt8functionIFvN7libbase3k603Pin4NameEEEcvbEv
                0x00009fd4       0x20 C:\Users\WONG\git\libsccc\lib\libsccc-d-vcan-fx15dev.a(pin_isr_manager-d-vcan-fx15dev.o)
                0x00009fd4                std::function<void (libbase::k60::Pin::Name)>::operator bool() const
 .text._ZNSt8functionIFvN7libbase3k603Pin4NameEEEaSERKS5_
                0x00009ff4       0x38 C:\Users\WONG\git\libsccc\lib\libsccc-d-vcan-fx15dev.a(pin_isr_manager-d-vcan-fx15dev.o)
                0x00009ff4                std::function<void (libbase::k60::Pin::Name)>::operator=(std::function<void (libbase::k60::Pin::Name)> const&)
 .text._ZNSt8functionIFvN7libbase3k603Pin4NameEEEaSEDn
                0x0000a02c       0x38 C:\Users\WONG\git\libsccc\lib\libsccc-d-vcan-fx15dev.a(pin_isr_manager-d-vcan-fx15dev.o)
                0x0000a02c                std::function<void (libbase::k60::Pin::Name)>::operator=(decltype(nullptr))
 .text._ZNSt8functionIFvN7libbase3k603Pin4NameEEE4swapERS5_
                0x0000a064       0x40 C:\Users\WONG\git\libsccc\lib\libsccc-d-vcan-fx15dev.a(pin_isr_manager-d-vcan-fx15dev.o)
                0x0000a064                std::function<void (libbase::k60::Pin::Name)>::swap(std::function<void (libbase::k60::Pin::Name)>&)
 .text._ZN7libutil11EnumAdvanceI4IRQnEET_S2_i
                0x0000a0a4       0x28 C:\Users\WONG\git\libsccc\lib\libsccc-d-vcan-fx15dev.a(pin_isr_manager-d-vcan-fx15dev.o)
                0x0000a0a4                IRQn libutil::EnumAdvance<IRQn>(IRQn, int)
 .text._ZNKSt8functionIFvN7libbase3k603Pin4NameEEEclES3_
                0x0000a0cc       0x3c C:\Users\WONG\git\libsccc\lib\libsccc-d-vcan-fx15dev.a(pin_isr_manager-d-vcan-fx15dev.o)
                0x0000a0cc                std::function<void (libbase::k60::Pin::Name)>::operator()(libbase::k60::Pin::Name) const
 .text._ZNSt8functionIFvN7libbase3k603Pin4NameEEEC2ERKS5_
                0x0000a108       0x50 C:\Users\WONG\git\libsccc\lib\libsccc-d-vcan-fx15dev.a(pin_isr_manager-d-vcan-fx15dev.o)
                0x0000a108                std::function<void (libbase::k60::Pin::Name)>::function(std::function<void (libbase::k60::Pin::Name)> const&)
                0x0000a108                std::function<void (libbase::k60::Pin::Name)>::function(std::function<void (libbase::k60::Pin::Name)> const&)
 .text._ZSt4moveIRPFvRKSt9_Any_dataN7libbase3k603Pin4NameEEEONSt16remove_referenceIT_E4typeEOSB_
                0x0000a158       0x18 C:\Users\WONG\git\libsccc\lib\libsccc-d-vcan-fx15dev.a(pin_isr_manager-d-vcan-fx15dev.o)
                0x0000a158                std::remove_reference<void (*&)(std::_Any_data const&, libbase::k60::Pin::Name)>::type&& std::move<void (*&)(std::_Any_data const&, libbase::k60::Pin::Name)>(void (*&)(std::_Any_data const&, libbase::k60::Pin::Name))
 .text._ZSt4swapIPFvRKSt9_Any_dataN7libbase3k603Pin4NameEEEvRT_SA_
                0x0000a170       0x3c C:\Users\WONG\git\libsccc\lib\libsccc-d-vcan-fx15dev.a(pin_isr_manager-d-vcan-fx15dev.o)
                0x0000a170                void std::swap<void (*)(std::_Any_data const&, libbase::k60::Pin::Name)>(void (*&)(std::_Any_data const&, libbase::k60::Pin::Name), void (*&)(std::_Any_data const&, libbase::k60::Pin::Name))
 .text._ZN7libbase3k6012_GLOBAL__N_115SetClockGateBitERVmjb
                0x0000a1ac       0x48 C:\Users\WONG\git\libsccc\lib\libsccc-d-vcan-fx15dev.a(sim-d-vcan-fx15dev.o)
 .text._ZN7libbase3k603Sim18SetEnableClockGateENS1_9ClockGateEb
                0x0000a1f4      0x454 C:\Users\WONG\git\libsccc\lib\libsccc-d-vcan-fx15dev.a(sim-d-vcan-fx15dev.o)
                0x0000a1f4                libbase::k60::Sim::SetEnableClockGate(libbase::k60::Sim::ClockGate, bool)
 .text._ZN7libbase3k6010ClockUtils16GetCoreTickPerMsEv
                0x0000a648       0x10 C:\Users\WONG\git\libsccc\lib\libsccc-d-vcan-fx15dev.a(sys_tick_timer-d-vcan-fx15dev.o)
                0x0000a648                libbase::k60::ClockUtils::GetCoreTickPerMs()
 .text._ZN5libsc5TimerD2Ev
                0x0000a658       0x28 C:\Users\WONG\git\libsccc\lib\libsccc-d-vcan-fx15dev.a(sys_tick_timer-d-vcan-fx15dev.o)
                0x0000a658                libsc::Timer::~Timer()
                0x0000a658                libsc::Timer::~Timer()
 .text._ZN5libsc5TimerD0Ev
                0x0000a680       0x20 C:\Users\WONG\git\libsccc\lib\libsccc-d-vcan-fx15dev.a(sys_tick_timer-d-vcan-fx15dev.o)
                0x0000a680                libsc::Timer::~Timer()
 .text._ZNSt8functionIFvPN7libbase3k607SysTickEEED2Ev
                0x0000a6a0       0x1c C:\Users\WONG\git\libsccc\lib\libsccc-d-vcan-fx15dev.a(sys_tick_timer-d-vcan-fx15dev.o)
                0x0000a6a0                std::function<void (libbase::k60::SysTick*)>::~function()
                0x0000a6a0                std::function<void (libbase::k60::SysTick*)>::~function()
 .text._ZN7libbase3k607SysTick6ConfigC2Ev
                0x0000a6bc       0x24 C:\Users\WONG\git\libsccc\lib\libsccc-d-vcan-fx15dev.a(sys_tick_timer-d-vcan-fx15dev.o)
                0x0000a6bc                libbase::k60::SysTick::Config::Config()
                0x0000a6bc                libbase::k60::SysTick::Config::Config()
 .text._ZN7libbase3k607SysTick6ConfigD2Ev
                0x0000a6e0       0x1c C:\Users\WONG\git\libsccc\lib\libsccc-d-vcan-fx15dev.a(sys_tick_timer-d-vcan-fx15dev.o)
                0x0000a6e0                libbase::k60::SysTick::Config::~Config()
                0x0000a6e0                libbase::k60::SysTick::Config::~Config()
 .text._ZN5libsc12_GLOBAL__N_116GetSysTickConfigERKSt8functionIFvPN7libbase3k607SysTickEEE
                0x0000a6fc       0x30 C:\Users\WONG\git\libsccc\lib\libsccc-d-vcan-fx15dev.a(sys_tick_timer-d-vcan-fx15dev.o)
 .text._ZN5libsc5TimerC2Ev
                0x0000a72c       0x20 C:\Users\WONG\git\libsccc\lib\libsccc-d-vcan-fx15dev.a(sys_tick_timer-d-vcan-fx15dev.o)
                0x0000a72c                libsc::Timer::Timer()
                0x0000a72c                libsc::Timer::Timer()
 .text._ZN5libsc12SysTickTimerC2Ev
                0x0000a74c       0xac C:\Users\WONG\git\libsccc\lib\libsccc-d-vcan-fx15dev.a(sys_tick_timer-d-vcan-fx15dev.o)
                0x0000a74c                libsc::SysTickTimer::SysTickTimer()
                0x0000a74c                libsc::SysTickTimer::SysTickTimer()
 .text._ZN5libsc12SysTickTimer6OnTickEPN7libbase3k607SysTickE
                0x0000a7f8       0x20 C:\Users\WONG\git\libsccc\lib\libsccc-d-vcan-fx15dev.a(sys_tick_timer-d-vcan-fx15dev.o)
                0x0000a7f8                libsc::SysTickTimer::OnTick(libbase::k60::SysTick*)
 .text._ZNSt14unary_functionIPN7libbase3k607SysTickEvEC2Ev
                0x0000a818       0x18 C:\Users\WONG\git\libsccc\lib\libsccc-d-vcan-fx15dev.a(sys_tick_timer-d-vcan-fx15dev.o)
                0x0000a818                std::unary_function<libbase::k60::SysTick*, void>::unary_function()
                0x0000a818                std::unary_function<libbase::k60::SysTick*, void>::unary_function()
 .text._ZNSt31_Maybe_unary_or_binary_functionIvIPN7libbase3k607SysTickEEEC2Ev
                0x0000a830       0x18 C:\Users\WONG\git\libsccc\lib\libsccc-d-vcan-fx15dev.a(sys_tick_timer-d-vcan-fx15dev.o)
                0x0000a830                std::_Maybe_unary_or_binary_function<void, libbase::k60::SysTick*>::_Maybe_unary_or_binary_function()
                0x0000a830                std::_Maybe_unary_or_binary_function<void, libbase::k60::SysTick*>::_Maybe_unary_or_binary_function()
                0x0000a830                std::_Maybe_unary_or_binary_function<void, libbase::k60::SysTick*>::_Maybe_unary_or_binary_function()
                0x0000a830                std::_Maybe_unary_or_binary_function<void, libbase::k60::SysTick*>::_Maybe_unary_or_binary_function()
 .text._ZNSt8functionIFvPN7libbase3k607SysTickEEEC2Ev
                0x0000a848       0x20 C:\Users\WONG\git\libsccc\lib\libsccc-d-vcan-fx15dev.a(sys_tick_timer-d-vcan-fx15dev.o)
                0x0000a848                std::function<void (libbase::k60::SysTick*)>::function()
                0x0000a848                std::function<void (libbase::k60::SysTick*)>::function()
 .text._ZNSt8functionIFvPN7libbase3k607SysTickEEEaSERKS5_
                0x0000a868       0x38 C:\Users\WONG\git\libsccc\lib\libsccc-d-vcan-fx15dev.a(sys_tick_timer-d-vcan-fx15dev.o)
                0x0000a868                std::function<void (libbase::k60::SysTick*)>::operator=(std::function<void (libbase::k60::SysTick*)> const&)
 .text._ZSt7forwardIMN5libsc12SysTickTimerEFvPN7libbase3k607SysTickEEEOT_RNSt16remove_referenceIS8_E4typeE
                0x0000a8a0       0x18 C:\Users\WONG\git\libsccc\lib\libsccc-d-vcan-fx15dev.a(sys_tick_timer-d-vcan-fx15dev.o)
                0x0000a8a0                void (libsc::SysTickTimer::*&&std::forward<void (libsc::SysTickTimer::*)(libbase::k60::SysTick*)>(std::remove_reference<void (libsc::SysTickTimer::*)(libbase::k60::SysTick*)>::type&))(libbase::k60::SysTick*)
 .text._ZSt7forwardIKPN5libsc12SysTickTimerEEOT_RNSt16remove_referenceIS4_E4typeE
                0x0000a8b8       0x18 C:\Users\WONG\git\libsccc\lib\libsccc-d-vcan-fx15dev.a(sys_tick_timer-d-vcan-fx15dev.o)
                0x0000a8b8                libsc::SysTickTimer* const&& std::forward<libsc::SysTickTimer* const>(std::remove_reference<libsc::SysTickTimer* const>::type&)
 .text._ZSt7forwardIRKSt12_PlaceholderILi1EEEOT_RNSt16remove_referenceIS4_E4typeE
                0x0000a8d0       0x18 C:\Users\WONG\git\libsccc\lib\libsccc-d-vcan-fx15dev.a(sys_tick_timer-d-vcan-fx15dev.o)
                0x0000a8d0                std::_Placeholder<1> const& std::forward<std::_Placeholder<1> const&>(std::remove_reference<std::_Placeholder<1> const&>::type&)
 .text._ZSt4bindIMN5libsc12SysTickTimerEFvPN7libbase3k607SysTickEEIKPS1_RKSt12_PlaceholderILi1EEEENSt12_Bind_helperIXsrSt5__or_IISt11is_integralINSt5decayIT_E4typeEESt7is_enumISK_EEE5valueESI_IDpT0_EE4typeEOSI_DpOSP_
                0x0000a8e8       0x4c C:\Users\WONG\git\libsccc\lib\libsccc-d-vcan-fx15dev.a(sys_tick_timer-d-vcan-fx15dev.o)
                0x0000a8e8                std::_Bind_helper<std::__or_<std::is_integral<std::decay<void (libsc::SysTickTimer::*)(libbase::k60::SysTick*)>::type>, std::is_enum<std::decay<void (libsc::SysTickTimer::*)(libbase::k60::SysTick*)>::type> >::value, void (libsc::SysTickTimer::*)(libbase::k60::SysTick*)<libsc::SysTickTimer* const, std::_Placeholder<1> const&> >::type std::bind<void (libsc::SysTickTimer::*)(libbase::k60::SysTick*), libsc::SysTickTimer* const, std::_Placeholder<1> const&>(void (libsc::SysTickTimer::*&&)(libbase::k60::SysTick*), libsc::SysTickTimer* const&&, std::_Placeholder<1> const&)
                0x0000a8e8                std::_Bind_helper<std::__or_<std::is_integral<std::decay<void (libsc::SysTickTimer::*)(libbase::k60::SysTick*)>::type>, std::is_enum<std::decay<void (libsc::SysTickTimer::*)(libbase::k60::SysTick*)>::type> >::value, void (libsc::SysTickTimer::*)(libbase::k60::SysTick*), libsc::SysTickTimer* const, std::_Placeholder<1> const&>::type std::bind<void (libsc::SysTickTimer::*)(libbase::k60::SysTick*), libsc::SysTickTimer* const, std::_Placeholder<1> const&>(void (libsc::SysTickTimer::*&&)(libbase::k60::SysTick*), libsc::SysTickTimer* const&&, std::_Placeholder<1> const&)
 .text._ZSt4moveIRSt7_Mem_fnIMN5libsc12SysTickTimerEFvPN7libbase3k607SysTickEEEEONSt16remove_referenceIT_E4typeEOSC_
                0x0000a934       0x18 C:\Users\WONG\git\libsccc\lib\libsccc-d-vcan-fx15dev.a(sys_tick_timer-d-vcan-fx15dev.o)
                0x0000a934                std::remove_reference<std::_Mem_fn<void (libsc::SysTickTimer::*)(libbase::k60::SysTick*)>&>::type&& std::move<std::_Mem_fn<void (libsc::SysTickTimer::*)(libbase::k60::SysTick*)>&>(std::_Mem_fn<void (libsc::SysTickTimer::*)(libbase::k60::SysTick*)>&)
 .text._ZSt4moveIRSt5tupleIIPN5libsc12SysTickTimerESt12_PlaceholderILi1EEEEEONSt16remove_referenceIT_E4typeEOS9_
                0x0000a94c       0x18 C:\Users\WONG\git\libsccc\lib\libsccc-d-vcan-fx15dev.a(sys_tick_timer-d-vcan-fx15dev.o)
                0x0000a94c                std::remove_reference<std::tuple<libsc::SysTickTimer*, std::_Placeholder<1> >&>::type&& std::move<std::tuple<libsc::SysTickTimer*, std::_Placeholder<1> >&>(std::tuple<libsc::SysTickTimer*, std::_Placeholder<1> >&)
                0x0000a94c                std::remove_reference<std::tuple<libsc::SysTickTimer*, std::_Placeholder<1> >&>::type&& std::move<std::tuple<libsc::SysTickTimer*, std::_Placeholder<1> >&>(std::tuple<libsc::SysTickTimer*, std::_Placeholder<1> >&)
 .text._ZNSt22_Maybe_get_result_typeILb1ESt7_Mem_fnIMN5libsc12SysTickTimerEFvPN7libbase3k607SysTickEEEEC2Ev
                0x0000a964       0x18 C:\Users\WONG\git\libsccc\lib\libsccc-d-vcan-fx15dev.a(sys_tick_timer-d-vcan-fx15dev.o)
                0x0000a964                std::_Maybe_get_result_type<true, std::_Mem_fn<void (libsc::SysTickTimer::*)(libbase::k60::SysTick*)> >::_Maybe_get_result_type()
                0x0000a964                std::_Maybe_get_result_type<true, std::_Mem_fn<void (libsc::SysTickTimer::*)(libbase::k60::SysTick*)> >::_Maybe_get_result_type()
 .text._ZNSt22_Weak_result_type_implISt7_Mem_fnIMN5libsc12SysTickTimerEFvPN7libbase3k607SysTickEEEEC2Ev
                0x0000a97c       0x18 C:\Users\WONG\git\libsccc\lib\libsccc-d-vcan-fx15dev.a(sys_tick_timer-d-vcan-fx15dev.o)
                0x0000a97c                std::_Weak_result_type_impl<std::_Mem_fn<void (libsc::SysTickTimer::*)(libbase::k60::SysTick*)> >::_Weak_result_type_impl()
                0x0000a97c                std::_Weak_result_type_impl<std::_Mem_fn<void (libsc::SysTickTimer::*)(libbase::k60::SysTick*)> >::_Weak_result_type_impl()
 .text._ZNSt17_Weak_result_typeISt7_Mem_fnIMN5libsc12SysTickTimerEFvPN7libbase3k607SysTickEEEEC2Ev
                0x0000a994       0x18 C:\Users\WONG\git\libsccc\lib\libsccc-d-vcan-fx15dev.a(sys_tick_timer-d-vcan-fx15dev.o)
                0x0000a994                std::_Weak_result_type<std::_Mem_fn<void (libsc::SysTickTimer::*)(libbase::k60::SysTick*)> >::_Weak_result_type()
                0x0000a994                std::_Weak_result_type<std::_Mem_fn<void (libsc::SysTickTimer::*)(libbase::k60::SysTick*)> >::_Weak_result_type()
 .text._ZNSt11_Tuple_implILj1EISt12_PlaceholderILi1EEEE7_M_tailERS2_
                0x0000a9ac       0x18 C:\Users\WONG\git\libsccc\lib\libsccc-d-vcan-fx15dev.a(sys_tick_timer-d-vcan-fx15dev.o)
                0x0000a9ac                std::_Tuple_impl<1u, std::_Placeholder<1> >::_M_tail(std::_Tuple_impl<1u, std::_Placeholder<1> >&)
                0x0000a9ac                std::_Tuple_impl<1u, std::_Placeholder<1> >::_M_tail(std::_Tuple_impl<1u, std::_Placeholder<1> >&)
 .text._ZSt4moveIRSt11_Tuple_implILj2EIEEEONSt16remove_referenceIT_E4typeEOS4_
                0x0000a9c4       0x18 C:\Users\WONG\git\libsccc\lib\libsccc-d-vcan-fx15dev.a(sys_tick_timer-d-vcan-fx15dev.o)
                0x0000a9c4                std::remove_reference<std::_Tuple_impl<2u>&>::type&& std::move<std::_Tuple_impl<2u>&>(std::_Tuple_impl<2u>&)
                0x0000a9c4                std::remove_reference<std::_Tuple_impl<2u>&>::type&& std::move<std::_Tuple_impl<2u>&>(std::_Tuple_impl<2u>&)
 .text._ZNSt10_Head_baseILj1ESt12_PlaceholderILi1EELb1EE7_M_headERS2_
                0x0000a9dc       0x18 C:\Users\WONG\git\libsccc\lib\libsccc-d-vcan-fx15dev.a(sys_tick_timer-d-vcan-fx15dev.o)
                0x0000a9dc                std::_Head_base<1u, std::_Placeholder<1>, true>::_M_head(std::_Head_base<1u, std::_Placeholder<1>, true>&)
 .text._ZNSt11_Tuple_implILj1EISt12_PlaceholderILi1EEEE7_M_headERS2_
                0x0000a9f4       0x18 C:\Users\WONG\git\libsccc\lib\libsccc-d-vcan-fx15dev.a(sys_tick_timer-d-vcan-fx15dev.o)
                0x0000a9f4                std::_Tuple_impl<1u, std::_Placeholder<1> >::_M_head(std::_Tuple_impl<1u, std::_Placeholder<1> >&)
                0x0000a9f4                std::_Tuple_impl<1u, std::_Placeholder<1> >::_M_head(std::_Tuple_impl<1u, std::_Placeholder<1> >&)
 .text._ZSt7forwardISt12_PlaceholderILi1EEEOT_RNSt16remove_referenceIS2_E4typeE
                0x0000aa0c       0x18 C:\Users\WONG\git\libsccc\lib\libsccc-d-vcan-fx15dev.a(sys_tick_timer-d-vcan-fx15dev.o)
                0x0000aa0c                std::_Placeholder<1>&& std::forward<std::_Placeholder<1> >(std::remove_reference<std::_Placeholder<1> >::type&)
 .text._ZNSt10_Head_baseILj1ESt12_PlaceholderILi1EELb1EEC2IS1_vEEOT_
                0x0000aa24       0x1c C:\Users\WONG\git\libsccc\lib\libsccc-d-vcan-fx15dev.a(sys_tick_timer-d-vcan-fx15dev.o)
                0x0000aa24                std::_Head_base<1u, std::_Placeholder<1>, true>::_Head_base<std::_Placeholder<1>, void>(std::_Placeholder<1>&&)
                0x0000aa24                std::_Head_base<1u, std::_Placeholder<1>, true>::_Head_base<std::_Placeholder<1>, void>(std::_Placeholder<1>&&)
 .text._ZNSt11_Tuple_implILj1EISt12_PlaceholderILi1EEEEC2EOS2_
                0x0000aa40       0x3c C:\Users\WONG\git\libsccc\lib\libsccc-d-vcan-fx15dev.a(sys_tick_timer-d-vcan-fx15dev.o)
                0x0000aa40                std::_Tuple_impl<1u, std::_Placeholder<1> >::_Tuple_impl(std::_Tuple_impl<1u, std::_Placeholder<1> >&&)
                0x0000aa40                std::_Tuple_impl<1u, std::_Placeholder<1> >::_Tuple_impl(std::_Tuple_impl<1u, std::_Placeholder<1> >&&)
                0x0000aa40                std::_Tuple_impl<1u, std::_Placeholder<1> >::_Tuple_impl(std::_Tuple_impl<1u, std::_Placeholder<1> >&&)
                0x0000aa40                std::_Tuple_impl<1u, std::_Placeholder<1> >::_Tuple_impl(std::_Tuple_impl<1u, std::_Placeholder<1> >&&)
 .text._ZNSt11_Tuple_implILj0EIPN5libsc12SysTickTimerESt12_PlaceholderILi1EEEE7_M_tailERS5_
                0x0000aa7c       0x18 C:\Users\WONG\git\libsccc\lib\libsccc-d-vcan-fx15dev.a(sys_tick_timer-d-vcan-fx15dev.o)
                0x0000aa7c                std::_Tuple_impl<0u, libsc::SysTickTimer*, std::_Placeholder<1> >::_M_tail(std::_Tuple_impl<0u, libsc::SysTickTimer*, std::_Placeholder<1> >&)
                0x0000aa7c                std::_Tuple_impl<0u, libsc::SysTickTimer*, std::_Placeholder<1> >::_M_tail(std::_Tuple_impl<0u, libsc::SysTickTimer*, std::_Placeholder<1> >&)
 .text._ZSt4moveIRSt11_Tuple_implILj1EISt12_PlaceholderILi1EEEEEONSt16remove_referenceIT_E4typeEOS6_
                0x0000aa94       0x18 C:\Users\WONG\git\libsccc\lib\libsccc-d-vcan-fx15dev.a(sys_tick_timer-d-vcan-fx15dev.o)
                0x0000aa94                std::remove_reference<std::_Tuple_impl<1u, std::_Placeholder<1> >&>::type&& std::move<std::_Tuple_impl<1u, std::_Placeholder<1> >&>(std::_Tuple_impl<1u, std::_Placeholder<1> >&)
                0x0000aa94                std::remove_reference<std::_Tuple_impl<1u, std::_Placeholder<1> >&>::type&& std::move<std::_Tuple_impl<1u, std::_Placeholder<1> >&>(std::_Tuple_impl<1u, std::_Placeholder<1> >&)
 .text._ZNSt10_Head_baseILj0EPN5libsc12SysTickTimerELb0EE7_M_headERS3_
                0x0000aaac       0x18 C:\Users\WONG\git\libsccc\lib\libsccc-d-vcan-fx15dev.a(sys_tick_timer-d-vcan-fx15dev.o)
                0x0000aaac                std::_Head_base<0u, libsc::SysTickTimer*, false>::_M_head(std::_Head_base<0u, libsc::SysTickTimer*, false>&)
 .text._ZNSt11_Tuple_implILj0EIPN5libsc12SysTickTimerESt12_PlaceholderILi1EEEE7_M_headERS5_
                0x0000aac4       0x1c C:\Users\WONG\git\libsccc\lib\libsccc-d-vcan-fx15dev.a(sys_tick_timer-d-vcan-fx15dev.o)
                0x0000aac4                std::_Tuple_impl<0u, libsc::SysTickTimer*, std::_Placeholder<1> >::_M_head(std::_Tuple_impl<0u, libsc::SysTickTimer*, std::_Placeholder<1> >&)
                0x0000aac4                std::_Tuple_impl<0u, libsc::SysTickTimer*, std::_Placeholder<1> >::_M_head(std::_Tuple_impl<0u, libsc::SysTickTimer*, std::_Placeholder<1> >&)
 .text._ZSt7forwardIPN5libsc12SysTickTimerEEOT_RNSt16remove_referenceIS3_E4typeE
                0x0000aae0       0x18 C:\Users\WONG\git\libsccc\lib\libsccc-d-vcan-fx15dev.a(sys_tick_timer-d-vcan-fx15dev.o)
                0x0000aae0                libsc::SysTickTimer*&& std::forward<libsc::SysTickTimer*>(std::remove_reference<libsc::SysTickTimer*>::type&)
 .text._ZNSt10_Head_baseILj0EPN5libsc12SysTickTimerELb0EEC2IS2_vEEOT_
                0x0000aaf8       0x24 C:\Users\WONG\git\libsccc\lib\libsccc-d-vcan-fx15dev.a(sys_tick_timer-d-vcan-fx15dev.o)
                0x0000aaf8                std::_Head_base<0u, libsc::SysTickTimer*, false>::_Head_base<libsc::SysTickTimer*, void>(libsc::SysTickTimer*&&)
                0x0000aaf8                std::_Head_base<0u, libsc::SysTickTimer*, false>::_Head_base<libsc::SysTickTimer*, void>(libsc::SysTickTimer*&&)
 .text._ZNSt11_Tuple_implILj0EIPN5libsc12SysTickTimerESt12_PlaceholderILi1EEEEC2EOS5_
                0x0000ab1c       0x48 C:\Users\WONG\git\libsccc\lib\libsccc-d-vcan-fx15dev.a(sys_tick_timer-d-vcan-fx15dev.o)
                0x0000ab1c                std::_Tuple_impl<0u, libsc::SysTickTimer*, std::_Placeholder<1> >::_Tuple_impl(std::_Tuple_impl<0u, libsc::SysTickTimer*, std::_Placeholder<1> >&&)
                0x0000ab1c                std::_Tuple_impl<0u, libsc::SysTickTimer*, std::_Placeholder<1> >::_Tuple_impl(std::_Tuple_impl<0u, libsc::SysTickTimer*, std::_Placeholder<1> >&&)
                0x0000ab1c                std::_Tuple_impl<0u, libsc::SysTickTimer*, std::_Placeholder<1> >::_Tuple_impl(std::_Tuple_impl<0u, libsc::SysTickTimer*, std::_Placeholder<1> >&&)
                0x0000ab1c                std::_Tuple_impl<0u, libsc::SysTickTimer*, std::_Placeholder<1> >::_Tuple_impl(std::_Tuple_impl<0u, libsc::SysTickTimer*, std::_Placeholder<1> >&&)
 .text._ZNSt5tupleIIPN5libsc12SysTickTimerESt12_PlaceholderILi1EEEEC2EOS5_
                0x0000ab64       0x20 C:\Users\WONG\git\libsccc\lib\libsccc-d-vcan-fx15dev.a(sys_tick_timer-d-vcan-fx15dev.o)
                0x0000ab64                std::tuple<libsc::SysTickTimer*, std::_Placeholder<1> >::tuple(std::tuple<libsc::SysTickTimer*, std::_Placeholder<1> >&&)
                0x0000ab64                std::tuple<libsc::SysTickTimer*, std::_Placeholder<1> >::tuple(std::tuple<libsc::SysTickTimer*, std::_Placeholder<1> >&&)
                0x0000ab64                std::tuple<libsc::SysTickTimer*, std::_Placeholder<1> >::tuple(std::tuple<libsc::SysTickTimer*, std::_Placeholder<1> >&&)
                0x0000ab64                std::tuple<libsc::SysTickTimer*, std::_Placeholder<1> >::tuple(std::tuple<libsc::SysTickTimer*, std::_Placeholder<1> >&&)
 .text._ZNSt5_BindIFSt7_Mem_fnIMN5libsc12SysTickTimerEFvPN7libbase3k607SysTickEEEPS2_St12_PlaceholderILi1EEEEC2EOSE_
                0x0000ab84       0x48 C:\Users\WONG\git\libsccc\lib\libsccc-d-vcan-fx15dev.a(sys_tick_timer-d-vcan-fx15dev.o)
                0x0000ab84                std::_Bind<std::_Mem_fn<void (libsc::SysTickTimer::*)(libbase::k60::SysTick*)> (libsc::SysTickTimer*, std::_Placeholder<1>)>::_Bind(std::_Bind<std::_Mem_fn<void (libsc::SysTickTimer::*)(libbase::k60::SysTick*)> (libsc::SysTickTimer*, std::_Placeholder<1>)>&&)